[  150125ms] [LOG] [Fast Refresh] rebuilding @ http://localhost:3000/_next/static/chunks/20gk_next_dist_0zq9kua._.js:2489
[  150158ms] [LOG] [Fast Refresh] done in 56ms @ http://localhost:3000/_next/static/chunks/20gk_next_dist_0zq9kua._.js:2489
[  303181ms] [LOG] [Fast Refresh] rebuilding @ http://localhost:3000/_next/static/chunks/20gk_next_dist_0zq9kua._.js:2489
[  303509ms] [LOG] [Fast Refresh] done in 290ms @ http://localhost:3000/_next/static/chunks/20gk_next_dist_0zq9kua._.js:2489
[  303586ms] [LOG] [Fast Refresh] rebuilding @ http://localhost:3000/_next/static/chunks/20gk_next_dist_0zq9kua._.js:2489
[  303588ms] [WARNING] [Fast Refresh] performing full reload

Fast Refresh will perform a full reload when you edit a file that's imported by modules outside of the React rendering tree.
You might have a file which exports a React component but also exports a value that is imported by a non-React component file.
Consider migrating the non-React component export to a separate file and importing it into both files.

It is also possible the parent component of the component you edited is a class component, which disables Fast Refresh.
Fast Refresh requires at least one parent function component in your React tree. @ http://localhost:3000/_next/static/chunks/20gk_next_dist_0zq9kua._.js:2489
[  303606ms] [LOG] [Fast Refresh] done in 25ms @ http://localhost:3000/_next/static/chunks/20gk_next_dist_0zq9kua._.js:2489
[  304000ms] [LOG] [Fast Refresh] rebuilding @ http://localhost:3000/_next/static/chunks/20gk_next_dist_0zq9kua._.js:2489
[  304068ms] [LOG] [Fast Refresh] done in 171ms @ http://localhost:3000/_next/static/chunks/20gk_next_dist_0zq9kua._.js:2489
[  304614ms] [INFO] %cDownload the React DevTools for a better development experience: https://react.dev/link/react-devtools font-weight:bold @ http://localhost:3000/_next/static/chunks/20gk_next_dist_0zq9kua._.js:2489
[  304692ms] [LOG] [HMR] connected @ http://localhost:3000/_next/static/chunks/20gk_next_dist_0zq9kua._.js:2489
[  305044ms] [WARNING] Image with src "/image.png" has "fill" but is missing "sizes" prop. Please add it to improve page performance. Read more: https://nextjs.org/docs/api-reference/next/image#sizes @ http://localhost:3000/_next/static/chunks/20gk_next_dist_0zq9kua._.js:2489
[  309299ms] [LOG] [Fast Refresh] rebuilding @ http://localhost:3000/_next/static/chunks/20gk_next_dist_0zq9kua._.js:2489
[  309320ms] [LOG] [Fast Refresh] done in 12ms @ http://localhost:3000/_next/static/chunks/20gk_next_dist_0zq9kua._.js:2489
[  309323ms] [LOG] [Fast Refresh] rebuilding @ http://localhost:3000/_next/static/chunks/20gk_next_dist_0zq9kua._.js:2489
[  309425ms] [LOG] [Fast Refresh] done in 3ms @ http://localhost:3000/_next/static/chunks/20gk_next_dist_0zq9kua._.js:2489
[  309449ms] [LOG] [Fast Refresh] rebuilding @ http://localhost:3000/_next/static/chunks/20gk_next_dist_0zq9kua._.js:2489
[  309451ms] [WARNING] [Fast Refresh] performing full reload

Fast Refresh will perform a full reload when you edit a file that's imported by modules outside of the React rendering tree.
You might have a file which exports a React component but also exports a value that is imported by a non-React component file.
Consider migrating the non-React component export to a separate file and importing it into both files.

It is also possible the parent component of the component you edited is a class component, which disables Fast Refresh.
Fast Refresh requires at least one parent function component in your React tree. @ http://localhost:3000/_next/static/chunks/20gk_next_dist_0zq9kua._.js:2489
[  309567ms] [LOG] [Fast Refresh] done in 9ms @ http://localhost:3000/_next/static/chunks/20gk_next_dist_0zq9kua._.js:2489
[  310378ms] [INFO] %cDownload the React DevTools for a better development experience: https://react.dev/link/react-devtools font-weight:bold @ http://localhost:3000/_next/static/chunks/20gk_next_dist_0zq9kua._.js:2489
[  310456ms] [LOG] [HMR] connected @ http://localhost:3000/_next/static/chunks/20gk_next_dist_0zq9kua._.js:2489
[  310654ms] [WARNING] Image with src "/image.png" has "fill" but is missing "sizes" prop. Please add it to improve page performance. Read more: https://nextjs.org/docs/api-reference/next/image#sizes @ http://localhost:3000/_next/static/chunks/20gk_next_dist_0zq9kua._.js:2489
[  310818ms] [LOG] [Fast Refresh] rebuilding @ http://localhost:3000/_next/static/chunks/20gk_next_dist_0zq9kua._.js:2489
[  310969ms] [LOG] [Fast Refresh] done in 251ms @ http://localhost:3000/_next/static/chunks/20gk_next_dist_0zq9kua._.js:2489
[  316189ms] [LOG] [Fast Refresh] rebuilding @ http://localhost:3000/_next/static/chunks/20gk_next_dist_0zq9kua._.js:2489
[  316218ms] [LOG] [Fast Refresh] done in 16ms @ http://localhost:3000/_next/static/chunks/20gk_next_dist_0zq9kua._.js:2489
[  316231ms] [LOG] [Fast Refresh] rebuilding @ http://localhost:3000/_next/static/chunks/20gk_next_dist_0zq9kua._.js:2489
[  316409ms] [WARNING] [Fast Refresh] performing full reload

Fast Refresh will perform a full reload when you edit a file that's imported by modules outside of the React rendering tree.
You might have a file which exports a React component but also exports a value that is imported by a non-React component file.
Consider migrating the non-React component export to a separate file and importing it into both files.

It is also possible the parent component of the component you edited is a class component, which disables Fast Refresh.
Fast Refresh requires at least one parent function component in your React tree. @ http://localhost:3000/_next/static/chunks/20gk_next_dist_0zq9kua._.js:2489
[  316411ms] [LOG] [Fast Refresh] done in 190ms @ http://localhost:3000/_next/static/chunks/20gk_next_dist_0zq9kua._.js:2489
[  316512ms] [LOG] [Fast Refresh] rebuilding @ http://localhost:3000/_next/static/chunks/20gk_next_dist_0zq9kua._.js:2489
[  316618ms] [LOG] [Fast Refresh] done in 206ms @ http://localhost:3000/_next/static/chunks/20gk_next_dist_0zq9kua._.js:2489
[  317203ms] [INFO] %cDownload the React DevTools for a better development experience: https://react.dev/link/react-devtools font-weight:bold @ http://localhost:3000/_next/static/chunks/20gk_next_dist_0zq9kua._.js:2489
[  317286ms] [LOG] [HMR] connected @ http://localhost:3000/_next/static/chunks/20gk_next_dist_0zq9kua._.js:2489
[  317468ms] [WARNING] Image with src "/image.png" has "fill" but is missing "sizes" prop. Please add it to improve page performance. Read more: https://nextjs.org/docs/api-reference/next/image#sizes @ http://localhost:3000/_next/static/chunks/20gk_next_dist_0zq9kua._.js:2489
[  327602ms] [ERROR] WebSocket connection to 'ws://localhost:3000/_next/webpack-hmr?id=X1c2pMa31RhTL3ue31q-4' failed: Error in connection establishment: net::ERR_CONNECTION_REFUSED @ http://localhost:3000/_next/static/chunks/20gk_next_dist_client_1xwm0v_._.js:13422
[  328604ms] [ERROR] WebSocket connection to 'ws://localhost:3000/_next/webpack-hmr?id=X1c2pMa31RhTL3ue31q-4' failed: Error in connection establishment: net::ERR_CONNECTION_REFUSED @ http://localhost:3000/_next/static/chunks/20gk_next_dist_client_1xwm0v_._.js:13422
[  329607ms] [ERROR] WebSocket connection to 'ws://localhost:3000/_next/webpack-hmr?id=X1c2pMa31RhTL3ue31q-4' failed: Error in connection establishment: net::ERR_CONNECTION_REFUSED @ http://localhost:3000/_next/static/chunks/20gk_next_dist_client_1xwm0v_._.js:13422
[  330610ms] [ERROR] WebSocket connection to 'ws://localhost:3000/_next/webpack-hmr?id=X1c2pMa31RhTL3ue31q-4' failed: Error in connection establishment: net::ERR_CONNECTION_REFUSED @ http://localhost:3000/_next/static/chunks/20gk_next_dist_client_1xwm0v_._.js:13422
[  331707ms] [LOG] [HMR] connected @ http://localhost:3000/_next/static/chunks/20gk_next_dist_0zq9kua._.js:2489
[  332711ms] [INFO] %cDownload the React DevTools for a better development experience: https://react.dev/link/react-devtools font-weight:bold @ http://localhost:3000/_next/static/chunks/20gk_next_dist_0zq9kua._.js:2489
[  332747ms] [LOG] [HMR] connected @ http://localhost:3000/_next/static/chunks/20gk_next_dist_0zq9kua._.js:2489
[  333044ms] [WARNING] Image with src "/image.png" has "fill" but is missing "sizes" prop. Please add it to improve page performance. Read more: https://nextjs.org/docs/api-reference/next/image#sizes @ http://localhost:3000/_next/static/chunks/20gk_next_dist_0zq9kua._.js:2489
[  333068ms] [LOG] [Fast Refresh] rebuilding @ http://localhost:3000/_next/static/chunks/20gk_next_dist_0zq9kua._.js:2489
[  333193ms] [LOG] [Fast Refresh] done in 228ms @ http://localhost:3000/_next/static/chunks/20gk_next_dist_0zq9kua._.js:2489
[  378486ms] [LOG] [Fast Refresh] rebuilding @ http://localhost:3000/_next/static/chunks/20gk_next_dist_0zq9kua._.js:2489
[  378571ms] [LOG] [Fast Refresh] done in 148ms @ http://localhost:3000/_next/static/chunks/20gk_next_dist_0zq9kua._.js:2489
[  779974ms] [LOG] [Fast Refresh] rebuilding @ http://localhost:3000/_next/static/chunks/20gk_next_dist_0zq9kua._.js:2489
[  780281ms] [WARNING] [Fast Refresh] performing full reload

Fast Refresh will perform a full reload when you edit a file that's imported by modules outside of the React rendering tree.
You might have a file which exports a React component but also exports a value that is imported by a non-React component file.
Consider migrating the non-React component export to a separate file and importing it into both files.

It is also possible the parent component of the component you edited is a class component, which disables Fast Refresh.
Fast Refresh requires at least one parent function component in your React tree. @ http://localhost:3000/_next/static/chunks/20gk_next_dist_0zq9kua._.js:2489
[  780290ms] [LOG] [Fast Refresh] done in 357ms @ http://localhost:3000/_next/static/chunks/20gk_next_dist_0zq9kua._.js:2489
[  780763ms] [LOG] [Fast Refresh] rebuilding @ http://localhost:3000/_next/static/chunks/20gk_next_dist_0zq9kua._.js:2489
[  780812ms] [LOG] [Fast Refresh] done in 149ms @ http://localhost:3000/_next/static/chunks/20gk_next_dist_0zq9kua._.js:2489
[  781756ms] [INFO] %cDownload the React DevTools for a better development experience: https://react.dev/link/react-devtools font-weight:bold @ http://localhost:3000/_next/static/chunks/20gk_next_dist_0zq9kua._.js:2489
[  781829ms] [LOG] [HMR] connected @ http://localhost:3000/_next/static/chunks/20gk_next_dist_0zq9kua._.js:2489
[  782031ms] [WARNING] Image with src "/image.png" has "fill" but is missing "sizes" prop. Please add it to improve page performance. Read more: https://nextjs.org/docs/api-reference/next/image#sizes @ http://localhost:3000/_next/static/chunks/20gk_next_dist_0zq9kua._.js:2489
[  786257ms] [LOG] [Fast Refresh] rebuilding @ http://localhost:3000/_next/static/chunks/20gk_next_dist_0zq9kua._.js:2489
[  786448ms] [LOG] [Fast Refresh] done in 206ms @ http://localhost:3000/_next/static/chunks/20gk_next_dist_0zq9kua._.js:2489
[  786469ms] [WARNING] [Fast Refresh] performing full reload

Fast Refresh will perform a full reload when you edit a file that's imported by modules outside of the React rendering tree.
You might have a file which exports a React component but also exports a value that is imported by a non-React component file.
Consider migrating the non-React component export to a separate file and importing it into both files.

It is also possible the parent component of the component you edited is a class component, which disables Fast Refresh.
Fast Refresh requires at least one parent function component in your React tree. @ http://localhost:3000/_next/static/chunks/20gk_next_dist_0zq9kua._.js:2489
[  786580ms] [LOG] [Fast Refresh] rebuilding @ http://localhost:3000/_next/static/chunks/20gk_next_dist_0zq9kua._.js:2489
[  786786ms] [LOG] [Fast Refresh] done in 306ms @ http://localhost:3000/_next/static/chunks/20gk_next_dist_0zq9kua._.js:2489
[  786896ms] [LOG] [Fast Refresh] rebuilding @ http://localhost:3000/_next/static/chunks/20gk_next_dist_0zq9kua._.js:2489
[  786900ms] [LOG] [Fast Refresh] done in 105ms @ http://localhost:3000/_next/static/chunks/20gk_next_dist_0zq9kua._.js:2489
[  787583ms] [INFO] %cDownload the React DevTools for a better development experience: https://react.dev/link/react-devtools font-weight:bold @ http://localhost:3000/_next/static/chunks/20gk_next_dist_0zq9kua._.js:2489
[  787685ms] [LOG] [HMR] connected @ http://localhost:3000/_next/static/chunks/20gk_next_dist_0zq9kua._.js:2489
[  787967ms] [LOG] [Fast Refresh] rebuilding @ http://localhost:3000/_next/static/chunks/20gk_next_dist_0zq9kua._.js:2489
[  788030ms] [WARNING] Image with src "/image.png" has "fill" but is missing "sizes" prop. Please add it to improve page performance. Read more: https://nextjs.org/docs/api-reference/next/image#sizes @ http://localhost:3000/_next/static/chunks/20gk_next_dist_0zq9kua._.js:2489
[  788052ms] [LOG] [Fast Refresh] done in 198ms @ http://localhost:3000/_next/static/chunks/20gk_next_dist_0zq9kua._.js:2489
[  789976ms] [LOG] [Fast Refresh] rebuilding @ http://localhost:3000/_next/static/chunks/20gk_next_dist_0zq9kua._.js:2489
[  790140ms] [LOG] [Fast Refresh] done in 55ms @ http://localhost:3000/_next/static/chunks/20gk_next_dist_0zq9kua._.js:2489
[  790167ms] [WARNING] [Fast Refresh] performing full reload

Fast Refresh will perform a full reload when you edit a file that's imported by modules outside of the React rendering tree.
You might have a file which exports a React component but also exports a value that is imported by a non-React component file.
Consider migrating the non-React component export to a separate file and importing it into both files.

It is also possible the parent component of the component you edited is a class component, which disables Fast Refresh.
Fast Refresh requires at least one parent function component in your React tree. @ http://localhost:3000/_next/static/chunks/20gk_next_dist_0zq9kua._.js:2489
[  790270ms] [LOG] [Fast Refresh] rebuilding @ http://localhost:3000/_next/static/chunks/20gk_next_dist_0zq9kua._.js:2489
[  790352ms] [LOG] [Fast Refresh] done in 184ms @ http://localhost:3000/_next/static/chunks/20gk_next_dist_0zq9kua._.js:2489
[  790895ms] [INFO] %cDownload the React DevTools for a better development experience: https://react.dev/link/react-devtools font-weight:bold @ http://localhost:3000/_next/static/chunks/20gk_next_dist_0zq9kua._.js:2489
[  790955ms] [LOG] [HMR] connected @ http://localhost:3000/_next/static/chunks/20gk_next_dist_0zq9kua._.js:2489
[  791209ms] [WARNING] Image with src "/image.png" has "fill" but is missing "sizes" prop. Please add it to improve page performance. Read more: https://nextjs.org/docs/api-reference/next/image#sizes @ http://localhost:3000/_next/static/chunks/20gk_next_dist_0zq9kua._.js:2489
[  791353ms] [LOG] [Fast Refresh] rebuilding @ http://localhost:3000/_next/static/chunks/20gk_next_dist_0zq9kua._.js:2489
[  791406ms] [LOG] [Fast Refresh] done in 154ms @ http://localhost:3000/_next/static/chunks/20gk_next_dist_0zq9kua._.js:2489
[  853489ms] [LOG] [Fast Refresh] rebuilding @ http://localhost:3000/_next/static/chunks/20gk_next_dist_0zq9kua._.js:2489
[  853568ms] [LOG] [Fast Refresh] done in 138ms @ http://localhost:3000/_next/static/chunks/20gk_next_dist_0zq9kua._.js:2489
[  853575ms] [LOG] [Fast Refresh] rebuilding @ http://localhost:3000/_next/static/chunks/20gk_next_dist_0zq9kua._.js:2489
[  854105ms] [WARNING] [Fast Refresh] performing full reload

Fast Refresh will perform a full reload when you edit a file that's imported by modules outside of the React rendering tree.
You might have a file which exports a React component but also exports a value that is imported by a non-React component file.
Consider migrating the non-React component export to a separate file and importing it into both files.

It is also possible the parent component of the component you edited is a class component, which disables Fast Refresh.
Fast Refresh requires at least one parent function component in your React tree. @ http://localhost:3000/_next/static/chunks/20gk_next_dist_0zq9kua._.js:2489
[  854313ms] [WARNING] [Fast Refresh] performing full reload

Fast Refresh will perform a full reload when you edit a file that's imported by modules outside of the React rendering tree.
You might have a file which exports a React component but also exports a value that is imported by a non-React component file.
Consider migrating the non-React component export to a separate file and importing it into both files.

It is also possible the parent component of the component you edited is a class component, which disables Fast Refresh.
Fast Refresh requires at least one parent function component in your React tree. @ http://localhost:3000/_next/static/chunks/20gk_next_dist_0zq9kua._.js:2489
[  854600ms] [LOG] [Fast Refresh] done in 741ms @ http://localhost:3000/_next/static/chunks/20gk_next_dist_0zq9kua._.js:2489
[  855320ms] [INFO] %cDownload the React DevTools for a better development experience: https://react.dev/link/react-devtools font-weight:bold @ http://localhost:3000/_next/static/chunks/20gk_next_dist_0zq9kua._.js:2489
[  855519ms] [LOG] [HMR] connected @ http://localhost:3000/_next/static/chunks/20gk_next_dist_0zq9kua._.js:2489
[  855602ms] [WARNING] Image with src "/image.png" has "fill" but is missing "sizes" prop. Please add it to improve page performance. Read more: https://nextjs.org/docs/api-reference/next/image#sizes @ http://localhost:3000/_next/static/chunks/20gk_next_dist_0zq9kua._.js:2489
[ 1106297ms] [LOG] [Fast Refresh] rebuilding @ http://localhost:3000/_next/static/chunks/20gk_next_dist_0zq9kua._.js:2489
[ 1106783ms] [LOG] [Fast Refresh] done in 586ms @ http://localhost:3000/_next/static/chunks/20gk_next_dist_0zq9kua._.js:2489
[ 1110783ms] [LOG] [Fast Refresh] rebuilding @ http://localhost:3000/_next/static/chunks/20gk_next_dist_0zq9kua._.js:2489
[ 1110790ms] [LOG] [Fast Refresh] done in 107ms @ http://localhost:3000/_next/static/chunks/20gk_next_dist_0zq9kua._.js:2489
[ 1124107ms] [LOG] [Fast Refresh] rebuilding @ http://localhost:3000/_next/static/chunks/20gk_next_dist_0zq9kua._.js:2489
[ 1124173ms] [LOG] [Fast Refresh] done in 167ms @ http://localhost:3000/_next/static/chunks/20gk_next_dist_0zq9kua._.js:2489
[ 1515754ms] [LOG] [Fast Refresh] rebuilding @ http://localhost:3000/_next/static/chunks/20gk_next_dist_0zq9kua._.js:2489
[ 1516006ms] [LOG] [Fast Refresh] done in 332ms @ http://localhost:3000/_next/static/chunks/20gk_next_dist_0zq9kua._.js:2489
[ 1516033ms] [WARNING] [Fast Refresh] performing full reload

Fast Refresh will perform a full reload when you edit a file that's imported by modules outside of the React rendering tree.
You might have a file which exports a React component but also exports a value that is imported by a non-React component file.
Consider migrating the non-React component export to a separate file and importing it into both files.

It is also possible the parent component of the component you edited is a class component, which disables Fast Refresh.
Fast Refresh requires at least one parent function component in your React tree. @ http://localhost:3000/_next/static/chunks/20gk_next_dist_0zq9kua._.js:2489
[ 1516171ms] [LOG] [Fast Refresh] rebuilding @ http://localhost:3000/_next/static/chunks/20gk_next_dist_0zq9kua._.js:2489
[ 1516228ms] [LOG] [Fast Refresh] done in 158ms @ http://localhost:3000/_next/static/chunks/20gk_next_dist_0zq9kua._.js:2489
[ 1516485ms] [LOG] [Fast Refresh] rebuilding @ http://localhost:3000/_next/static/chunks/20gk_next_dist_0zq9kua._.js:2489
[ 1516499ms] [LOG] [Fast Refresh] done in 115ms @ http://localhost:3000/_next/static/chunks/20gk_next_dist_0zq9kua._.js:2489
[ 1517057ms] [INFO] %cDownload the React DevTools for a better development experience: https://react.dev/link/react-devtools font-weight:bold @ http://localhost:3000/_next/static/chunks/20gk_next_dist_0zq9kua._.js:2489
[ 1517147ms] [LOG] [HMR] connected @ http://localhost:3000/_next/static/chunks/20gk_next_dist_0zq9kua._.js:2489
[ 1517270ms] [WARNING] Image with src "/image.png" has "fill" but is missing "sizes" prop. Please add it to improve page performance. Read more: https://nextjs.org/docs/api-reference/next/image#sizes @ http://localhost:3000/_next/static/chunks/20gk_next_dist_0zq9kua._.js:2489
[ 1517432ms] [LOG] [Fast Refresh] rebuilding @ http://localhost:3000/_next/static/chunks/20gk_next_dist_0zq9kua._.js:2489
[ 1517517ms] [LOG] [Fast Refresh] done in 186ms @ http://localhost:3000/_next/static/chunks/20gk_next_dist_0zq9kua._.js:2489
[ 2108199ms] [LOG] [Fast Refresh] rebuilding @ http://localhost:3000/_next/static/chunks/20gk_next_dist_0zq9kua._.js:2489
[ 2108395ms] [LOG] [Fast Refresh] done in 133ms @ http://localhost:3000/_next/static/chunks/20gk_next_dist_0zq9kua._.js:2489
[ 2108509ms] [WARNING] [Fast Refresh] performing full reload

Fast Refresh will perform a full reload when you edit a file that's imported by modules outside of the React rendering tree.
You might have a file which exports a React component but also exports a value that is imported by a non-React component file.
Consider migrating the non-React component export to a separate file and importing it into both files.

It is also possible the parent component of the component you edited is a class component, which disables Fast Refresh.
Fast Refresh requires at least one parent function component in your React tree. @ http://localhost:3000/_next/static/chunks/20gk_next_dist_0zq9kua._.js:2489
[ 2108770ms] [LOG] [Fast Refresh] rebuilding @ http://localhost:3000/_next/static/chunks/20gk_next_dist_0zq9kua._.js:2489
[ 2108847ms] [LOG] [Fast Refresh] done in 218ms @ http://localhost:3000/_next/static/chunks/20gk_next_dist_0zq9kua._.js:2489
[ 2109126ms] [LOG] [Fast Refresh] rebuilding @ http://localhost:3000/_next/static/chunks/20gk_next_dist_0zq9kua._.js:2489
[ 2109214ms] [LOG] [Fast Refresh] done in 188ms @ http://localhost:3000/_next/static/chunks/20gk_next_dist_0zq9kua._.js:2489
[ 2109442ms] [LOG] [Fast Refresh] rebuilding @ http://localhost:3000/_next/static/chunks/20gk_next_dist_0zq9kua._.js:2489
[ 2109457ms] [LOG] [Fast Refresh] done in 115ms @ http://localhost:3000/_next/static/chunks/20gk_next_dist_0zq9kua._.js:2489
[ 2110768ms] [ERROR] Failed to load resource: net::ERR_CONNECTION_RESET @ http://localhost:3000/_next/static/chunks/20gk_motion-dom_dist_es_0jsqrsk._.js:0
[ 2110768ms] [ERROR] Failed to load resource: net::ERR_CONNECTION_RESET @ http://localhost:3000/_next/static/chunks/20gk_next_0ugr385._.js:0
[ 2110768ms] [ERROR] Failed to load resource: net::ERR_CONNECTION_RESET @ http://localhost:3000/_next/static/chunks/20gk_framer-motion_dist_es_1u49m29._.js:0
[ 2110774ms] [ERROR] Failed to load resource: net::ERR_CONNECTION_REFUSED @ http://localhost:3000/_next/static/chunks/Desktop_aqua_0hzqw2w._.js:0
[ 2110775ms] [ERROR] Failed to load resource: net::ERR_CONNECTION_REFUSED @ http://localhost:3000/_next/static/chunks/Desktop_aqua_src_app_layout_tsx_0bd8zv0._.js:0
[ 2110775ms] [ERROR] Failed to load resource: net::ERR_CONNECTION_REFUSED @ http://localhost:3000/_next/static/chunks/20gk_%40swc_helpers_cjs_14jvklc._.js:0
[ 2110775ms] [ERROR] Failed to load resource: net::ERR_CONNECTION_REFUSED @ http://localhost:3000/_next/static/chunks/20gk_tailwind-merge_dist_bundle-mjs_mjs_0ozie1k._.js:0
[ 2110775ms] [ERROR] Failed to load resource: net::ERR_CONNECTION_REFUSED @ http://localhost:3000/_next/static/chunks/20gk_0wn1gk5._.js:0
[ 2110775ms] [ERROR] Failed to load resource: net::ERR_CONNECTION_REFUSED @ http://localhost:3000/_next/static/chunks/Desktop_aqua_src_app_page_tsx_1pv4l16._.js:0
[ 2110780ms] [ERROR] Failed to load resource: net::ERR_CONNECTION_REFUSED @ http://localhost:3000/_next/static/chunks/20gk_next_dist_client_components_builtin_global-error_1pv4l16.js:0
[ 2110781ms] [ERROR] Failed to load resource: net::ERR_CONNECTION_REFUSED @ http://localhost:3000/_next/image?url=%2Fattr-slides.png&w=640&q=75:0
[ 2110781ms] [ERROR] Failed to load resource: net::ERR_CONNECTION_REFUSED @ http://localhost:3000/_next/image?url=%2Fintro-img.png&w=640&q=75:0
[ 2110784ms] [ERROR] Failed to load resource: net::ERR_CONNECTION_REFUSED @ http://localhost:3000/intro-img.png:0
[ 2110804ms] [ERROR] Failed to load resource: net::ERR_CONNECTION_REFUSED @ http://localhost:3000/favicon.ico?favicon.2vob68tjqpejf.ico:0
