[  334937ms] [LOG] [Fast Refresh] rebuilding @ http://localhost:3000/_next/static/chunks/20gk_next_dist_0zq9kua._.js:2489
[  335100ms] [LOG] [Fast Refresh] done in 150ms @ http://localhost:3000/_next/static/chunks/20gk_next_dist_0zq9kua._.js:2489
[  335202ms] [LOG] [Fast Refresh] rebuilding @ http://localhost:3000/_next/static/chunks/20gk_next_dist_0zq9kua._.js:2489
[  335233ms] [LOG] [Fast Refresh] done in 26ms @ http://localhost:3000/_next/static/chunks/20gk_next_dist_0zq9kua._.js:2489
[  335339ms] [LOG] [Fast Refresh] rebuilding @ http://localhost:3000/_next/static/chunks/20gk_next_dist_0zq9kua._.js:2489
[  335380ms] [LOG] [Fast Refresh] done in 34ms @ http://localhost:3000/_next/static/chunks/20gk_next_dist_0zq9kua._.js:2489
[  335478ms] [LOG] [Fast Refresh] rebuilding @ http://localhost:3000/_next/static/chunks/20gk_next_dist_0zq9kua._.js:2489
[  335521ms] [LOG] [Fast Refresh] done in 33ms @ http://localhost:3000/_next/static/chunks/20gk_next_dist_0zq9kua._.js:2489
[  501562ms] [LOG] [Fast Refresh] rebuilding @ http://localhost:3000/_next/static/chunks/20gk_next_dist_0zq9kua._.js:2489
[  501655ms] [LOG] [Fast Refresh] done in 157ms @ http://localhost:3000/_next/static/chunks/20gk_next_dist_0zq9kua._.js:2489
[  666870ms] [LOG] [Fast Refresh] rebuilding @ http://localhost:3000/_next/static/chunks/20gk_next_dist_0zq9kua._.js:2489
[  666906ms] [LOG] [Fast Refresh] done in 53ms @ http://localhost:3000/_next/static/chunks/20gk_next_dist_0zq9kua._.js:2489
[  819927ms] [LOG] [Fast Refresh] rebuilding @ http://localhost:3000/_next/static/chunks/20gk_next_dist_0zq9kua._.js:2489
[  820256ms] [LOG] [Fast Refresh] done in 290ms @ http://localhost:3000/_next/static/chunks/20gk_next_dist_0zq9kua._.js:2489
[  820323ms] [LOG] [Fast Refresh] rebuilding @ http://localhost:3000/_next/static/chunks/20gk_next_dist_0zq9kua._.js:2489
[  820325ms] [WARNING] [Fast Refresh] performing full reload

Fast Refresh will perform a full reload when you edit a file that's imported by modules outside of the React rendering tree.
You might have a file which exports a React component but also exports a value that is imported by a non-React component file.
Consider migrating the non-React component export to a separate file and importing it into both files.

It is also possible the parent component of the component you edited is a class component, which disables Fast Refresh.
Fast Refresh requires at least one parent function component in your React tree. @ http://localhost:3000/_next/static/chunks/20gk_next_dist_0zq9kua._.js:2489
[  820352ms] [LOG] [Fast Refresh] done in 16ms @ http://localhost:3000/_next/static/chunks/20gk_next_dist_0zq9kua._.js:2489
[  820746ms] [LOG] [Fast Refresh] rebuilding @ http://localhost:3000/_next/static/chunks/20gk_next_dist_0zq9kua._.js:2489
[  820815ms] [LOG] [Fast Refresh] done in 171ms @ http://localhost:3000/_next/static/chunks/20gk_next_dist_0zq9kua._.js:2489
[  821421ms] [INFO] %cDownload the React DevTools for a better development experience: https://react.dev/link/react-devtools font-weight:bold @ http://localhost:3000/_next/static/chunks/20gk_next_dist_0zq9kua._.js:2489
[  821497ms] [LOG] [HMR] connected @ http://localhost:3000/_next/static/chunks/20gk_next_dist_0zq9kua._.js:2489
[  821833ms] [WARNING] Image with src "/image.png" has "fill" but is missing "sizes" prop. Please add it to improve page performance. Read more: https://nextjs.org/docs/api-reference/next/image#sizes @ http://localhost:3000/_next/static/chunks/20gk_next_dist_0zq9kua._.js:2489
[  821882ms] [WARNING] Image with src "/attr-slides.png" has "fill" but is missing "sizes" prop. Please add it to improve page performance. Read more: https://nextjs.org/docs/api-reference/next/image#sizes @ http://localhost:3000/_next/static/chunks/20gk_next_dist_0zq9kua._.js:2489
[  826045ms] [LOG] [Fast Refresh] rebuilding @ http://localhost:3000/_next/static/chunks/20gk_next_dist_0zq9kua._.js:2489
[  826067ms] [LOG] [Fast Refresh] done in 12ms @ http://localhost:3000/_next/static/chunks/20gk_next_dist_0zq9kua._.js:2489
[  826070ms] [LOG] [Fast Refresh] rebuilding @ http://localhost:3000/_next/static/chunks/20gk_next_dist_0zq9kua._.js:2489
[  826173ms] [LOG] [Fast Refresh] done in 2ms @ http://localhost:3000/_next/static/chunks/20gk_next_dist_0zq9kua._.js:2489
[  826197ms] [LOG] [Fast Refresh] rebuilding @ http://localhost:3000/_next/static/chunks/20gk_next_dist_0zq9kua._.js:2489
[  826199ms] [WARNING] [Fast Refresh] performing full reload

Fast Refresh will perform a full reload when you edit a file that's imported by modules outside of the React rendering tree.
You might have a file which exports a React component but also exports a value that is imported by a non-React component file.
Consider migrating the non-React component export to a separate file and importing it into both files.

It is also possible the parent component of the component you edited is a class component, which disables Fast Refresh.
Fast Refresh requires at least one parent function component in your React tree. @ http://localhost:3000/_next/static/chunks/20gk_next_dist_0zq9kua._.js:2489
[  826314ms] [LOG] [Fast Refresh] done in 10ms @ http://localhost:3000/_next/static/chunks/20gk_next_dist_0zq9kua._.js:2489
[  827275ms] [INFO] %cDownload the React DevTools for a better development experience: https://react.dev/link/react-devtools font-weight:bold @ http://localhost:3000/_next/static/chunks/20gk_next_dist_0zq9kua._.js:2489
[  827313ms] [LOG] [HMR] connected @ http://localhost:3000/_next/static/chunks/20gk_next_dist_0zq9kua._.js:2489
[  827566ms] [LOG] [Fast Refresh] rebuilding @ http://localhost:3000/_next/static/chunks/20gk_next_dist_0zq9kua._.js:2489
[  827714ms] [WARNING] Image with src "/image.png" has "fill" but is missing "sizes" prop. Please add it to improve page performance. Read more: https://nextjs.org/docs/api-reference/next/image#sizes @ http://localhost:3000/_next/static/chunks/20gk_next_dist_0zq9kua._.js:2489
[  827719ms] [LOG] [Fast Refresh] done in 254ms @ http://localhost:3000/_next/static/chunks/20gk_next_dist_0zq9kua._.js:2489
[  827767ms] [WARNING] Image with src "/attr-slides.png" has "fill" but is missing "sizes" prop. Please add it to improve page performance. Read more: https://nextjs.org/docs/api-reference/next/image#sizes @ http://localhost:3000/_next/static/chunks/20gk_next_dist_0zq9kua._.js:2489
[  832937ms] [LOG] [Fast Refresh] rebuilding @ http://localhost:3000/_next/static/chunks/20gk_next_dist_0zq9kua._.js:2489
[  832965ms] [LOG] [Fast Refresh] done in 16ms @ http://localhost:3000/_next/static/chunks/20gk_next_dist_0zq9kua._.js:2489
[  832978ms] [LOG] [Fast Refresh] rebuilding @ http://localhost:3000/_next/static/chunks/20gk_next_dist_0zq9kua._.js:2489
[  833122ms] [WARNING] [Fast Refresh] performing full reload

Fast Refresh will perform a full reload when you edit a file that's imported by modules outside of the React rendering tree.
You might have a file which exports a React component but also exports a value that is imported by a non-React component file.
Consider migrating the non-React component export to a separate file and importing it into both files.

It is also possible the parent component of the component you edited is a class component, which disables Fast Refresh.
Fast Refresh requires at least one parent function component in your React tree. @ http://localhost:3000/_next/static/chunks/20gk_next_dist_0zq9kua._.js:2489
[  833124ms] [LOG] [Fast Refresh] done in 155ms @ http://localhost:3000/_next/static/chunks/20gk_next_dist_0zq9kua._.js:2489
[  833252ms] [LOG] [Fast Refresh] rebuilding @ http://localhost:3000/_next/static/chunks/20gk_next_dist_0zq9kua._.js:2489
[  833365ms] [LOG] [Fast Refresh] done in 214ms @ http://localhost:3000/_next/static/chunks/20gk_next_dist_0zq9kua._.js:2489
[  833725ms] [INFO] %cDownload the React DevTools for a better development experience: https://react.dev/link/react-devtools font-weight:bold @ http://localhost:3000/_next/static/chunks/20gk_next_dist_0zq9kua._.js:2489
[  833818ms] [LOG] [HMR] connected @ http://localhost:3000/_next/static/chunks/20gk_next_dist_0zq9kua._.js:2489
[  833968ms] [WARNING] Image with src "/image.png" has "fill" but is missing "sizes" prop. Please add it to improve page performance. Read more: https://nextjs.org/docs/api-reference/next/image#sizes @ http://localhost:3000/_next/static/chunks/20gk_next_dist_0zq9kua._.js:2489
[  834038ms] [WARNING] Image with src "/attr-slides.png" has "fill" but is missing "sizes" prop. Please add it to improve page performance. Read more: https://nextjs.org/docs/api-reference/next/image#sizes @ http://localhost:3000/_next/static/chunks/20gk_next_dist_0zq9kua._.js:2489
[  844349ms] [ERROR] WebSocket connection to 'ws://localhost:3000/_next/webpack-hmr?id=2_yklhiKGeWVzbaq8P1Uf' failed: Error in connection establishment: net::ERR_CONNECTION_REFUSED @ http://localhost:3000/_next/static/chunks/20gk_next_dist_client_1xwm0v_._.js:13422
[  845351ms] [ERROR] WebSocket connection to 'ws://localhost:3000/_next/webpack-hmr?id=2_yklhiKGeWVzbaq8P1Uf' failed: Error in connection establishment: net::ERR_CONNECTION_REFUSED @ http://localhost:3000/_next/static/chunks/20gk_next_dist_client_1xwm0v_._.js:13422
[  846354ms] [ERROR] WebSocket connection to 'ws://localhost:3000/_next/webpack-hmr?id=2_yklhiKGeWVzbaq8P1Uf' failed: Error in connection establishment: net::ERR_CONNECTION_REFUSED @ http://localhost:3000/_next/static/chunks/20gk_next_dist_client_1xwm0v_._.js:13422
[  847356ms] [ERROR] WebSocket connection to 'ws://localhost:3000/_next/webpack-hmr?id=2_yklhiKGeWVzbaq8P1Uf' failed: Error in connection establishment: net::ERR_CONNECTION_REFUSED @ http://localhost:3000/_next/static/chunks/20gk_next_dist_client_1xwm0v_._.js:13422
[  848453ms] [LOG] [HMR] connected @ http://localhost:3000/_next/static/chunks/20gk_next_dist_0zq9kua._.js:2489
[  849459ms] [INFO] %cDownload the React DevTools for a better development experience: https://react.dev/link/react-devtools font-weight:bold @ http://localhost:3000/_next/static/chunks/20gk_next_dist_0zq9kua._.js:2489
[  849472ms] [LOG] [HMR] connected @ http://localhost:3000/_next/static/chunks/20gk_next_dist_0zq9kua._.js:2489
[  849665ms] [WARNING] Image with src "/image.png" has "fill" but is missing "sizes" prop. Please add it to improve page performance. Read more: https://nextjs.org/docs/api-reference/next/image#sizes @ http://localhost:3000/_next/static/chunks/20gk_next_dist_0zq9kua._.js:2489
[  849754ms] [WARNING] Image with src "/attr-slides.png" has "fill" but is missing "sizes" prop. Please add it to improve page performance. Read more: https://nextjs.org/docs/api-reference/next/image#sizes @ http://localhost:3000/_next/static/chunks/20gk_next_dist_0zq9kua._.js:2489
[  849808ms] [LOG] [Fast Refresh] rebuilding @ http://localhost:3000/_next/static/chunks/20gk_next_dist_0zq9kua._.js:2489
[  849940ms] [LOG] [Fast Refresh] done in 233ms @ http://localhost:3000/_next/static/chunks/20gk_next_dist_0zq9kua._.js:2489
[  895233ms] [LOG] [Fast Refresh] rebuilding @ http://localhost:3000/_next/static/chunks/20gk_next_dist_0zq9kua._.js:2489
[  895317ms] [LOG] [Fast Refresh] done in 147ms @ http://localhost:3000/_next/static/chunks/20gk_next_dist_0zq9kua._.js:2489
[ 1296721ms] [LOG] [Fast Refresh] rebuilding @ http://localhost:3000/_next/static/chunks/20gk_next_dist_0zq9kua._.js:2489
[ 1297026ms] [WARNING] [Fast Refresh] performing full reload

Fast Refresh will perform a full reload when you edit a file that's imported by modules outside of the React rendering tree.
You might have a file which exports a React component but also exports a value that is imported by a non-React component file.
Consider migrating the non-React component export to a separate file and importing it into both files.

It is also possible the parent component of the component you edited is a class component, which disables Fast Refresh.
Fast Refresh requires at least one parent function component in your React tree. @ http://localhost:3000/_next/static/chunks/20gk_next_dist_0zq9kua._.js:2489
[ 1297036ms] [LOG] [Fast Refresh] done in 355ms @ http://localhost:3000/_next/static/chunks/20gk_next_dist_0zq9kua._.js:2489
[ 1297511ms] [LOG] [Fast Refresh] rebuilding @ http://localhost:3000/_next/static/chunks/20gk_next_dist_0zq9kua._.js:2489
[ 1297558ms] [LOG] [Fast Refresh] done in 149ms @ http://localhost:3000/_next/static/chunks/20gk_next_dist_0zq9kua._.js:2489
[ 1298404ms] [INFO] %cDownload the React DevTools for a better development experience: https://react.dev/link/react-devtools font-weight:bold @ http://localhost:3000/_next/static/chunks/20gk_next_dist_0zq9kua._.js:2489
[ 1298529ms] [LOG] [HMR] connected @ http://localhost:3000/_next/static/chunks/20gk_next_dist_0zq9kua._.js:2489
[ 1298761ms] [WARNING] Image with src "/image.png" has "fill" but is missing "sizes" prop. Please add it to improve page performance. Read more: https://nextjs.org/docs/api-reference/next/image#sizes @ http://localhost:3000/_next/static/chunks/20gk_next_dist_0zq9kua._.js:2489
[ 1298814ms] [WARNING] Image with src "/attr-slides.png" has "fill" but is missing "sizes" prop. Please add it to improve page performance. Read more: https://nextjs.org/docs/api-reference/next/image#sizes @ http://localhost:3000/_next/static/chunks/20gk_next_dist_0zq9kua._.js:2489
[ 1303004ms] [LOG] [Fast Refresh] rebuilding @ http://localhost:3000/_next/static/chunks/20gk_next_dist_0zq9kua._.js:2489
[ 1303196ms] [LOG] [Fast Refresh] done in 211ms @ http://localhost:3000/_next/static/chunks/20gk_next_dist_0zq9kua._.js:2489
[ 1303215ms] [WARNING] [Fast Refresh] performing full reload

Fast Refresh will perform a full reload when you edit a file that's imported by modules outside of the React rendering tree.
You might have a file which exports a React component but also exports a value that is imported by a non-React component file.
Consider migrating the non-React component export to a separate file and importing it into both files.

It is also possible the parent component of the component you edited is a class component, which disables Fast Refresh.
Fast Refresh requires at least one parent function component in your React tree. @ http://localhost:3000/_next/static/chunks/20gk_next_dist_0zq9kua._.js:2489
[ 1303328ms] [LOG] [Fast Refresh] rebuilding @ http://localhost:3000/_next/static/chunks/20gk_next_dist_0zq9kua._.js:2489
[ 1303533ms] [LOG] [Fast Refresh] done in 306ms @ http://localhost:3000/_next/static/chunks/20gk_next_dist_0zq9kua._.js:2489
[ 1303641ms] [LOG] [Fast Refresh] rebuilding @ http://localhost:3000/_next/static/chunks/20gk_next_dist_0zq9kua._.js:2489
[ 1303647ms] [LOG] [Fast Refresh] done in 108ms @ http://localhost:3000/_next/static/chunks/20gk_next_dist_0zq9kua._.js:2489
[ 1304233ms] [INFO] %cDownload the React DevTools for a better development experience: https://react.dev/link/react-devtools font-weight:bold @ http://localhost:3000/_next/static/chunks/20gk_next_dist_0zq9kua._.js:2489
[ 1304277ms] [LOG] [HMR] connected @ http://localhost:3000/_next/static/chunks/20gk_next_dist_0zq9kua._.js:2489
[ 1304593ms] [WARNING] Image with src "/image.png" has "fill" but is missing "sizes" prop. Please add it to improve page performance. Read more: https://nextjs.org/docs/api-reference/next/image#sizes @ http://localhost:3000/_next/static/chunks/20gk_next_dist_0zq9kua._.js:2489
[ 1304646ms] [WARNING] Image with src "/attr-slides.png" has "fill" but is missing "sizes" prop. Please add it to improve page performance. Read more: https://nextjs.org/docs/api-reference/next/image#sizes @ http://localhost:3000/_next/static/chunks/20gk_next_dist_0zq9kua._.js:2489
[ 1304701ms] [LOG] [Fast Refresh] rebuilding @ http://localhost:3000/_next/static/chunks/20gk_next_dist_0zq9kua._.js:2489
[ 1304798ms] [LOG] [Fast Refresh] done in 199ms @ http://localhost:3000/_next/static/chunks/20gk_next_dist_0zq9kua._.js:2489
[ 1306726ms] [LOG] [Fast Refresh] rebuilding @ http://localhost:3000/_next/static/chunks/20gk_next_dist_0zq9kua._.js:2489
[ 1306887ms] [LOG] [Fast Refresh] done in 55ms @ http://localhost:3000/_next/static/chunks/20gk_next_dist_0zq9kua._.js:2489
[ 1306917ms] [WARNING] [Fast Refresh] performing full reload

Fast Refresh will perform a full reload when you edit a file that's imported by modules outside of the React rendering tree.
You might have a file which exports a React component but also exports a value that is imported by a non-React component file.
Consider migrating the non-React component export to a separate file and importing it into both files.

It is also possible the parent component of the component you edited is a class component, which disables Fast Refresh.
Fast Refresh requires at least one parent function component in your React tree. @ http://localhost:3000/_next/static/chunks/20gk_next_dist_0zq9kua._.js:2489
[ 1307020ms] [LOG] [Fast Refresh] rebuilding @ http://localhost:3000/_next/static/chunks/20gk_next_dist_0zq9kua._.js:2489
[ 1307099ms] [LOG] [Fast Refresh] done in 181ms @ http://localhost:3000/_next/static/chunks/20gk_next_dist_0zq9kua._.js:2489
[ 1307928ms] [INFO] %cDownload the React DevTools for a better development experience: https://react.dev/link/react-devtools font-weight:bold @ http://localhost:3000/_next/static/chunks/20gk_next_dist_0zq9kua._.js:2489
[ 1308037ms] [LOG] [HMR] connected @ http://localhost:3000/_next/static/chunks/20gk_next_dist_0zq9kua._.js:2489
[ 1308154ms] [WARNING] Image with src "/image.png" has "fill" but is missing "sizes" prop. Please add it to improve page performance. Read more: https://nextjs.org/docs/api-reference/next/image#sizes @ http://localhost:3000/_next/static/chunks/20gk_next_dist_0zq9kua._.js:2489
[ 1308205ms] [WARNING] Image with src "/attr-slides.png" has "fill" but is missing "sizes" prop. Please add it to improve page performance. Read more: https://nextjs.org/docs/api-reference/next/image#sizes @ http://localhost:3000/_next/static/chunks/20gk_next_dist_0zq9kua._.js:2489
[ 1370236ms] [LOG] [Fast Refresh] rebuilding @ http://localhost:3000/_next/static/chunks/20gk_next_dist_0zq9kua._.js:2489
[ 1370317ms] [LOG] [Fast Refresh] done in 138ms @ http://localhost:3000/_next/static/chunks/20gk_next_dist_0zq9kua._.js:2489
[ 1370322ms] [LOG] [Fast Refresh] rebuilding @ http://localhost:3000/_next/static/chunks/20gk_next_dist_0zq9kua._.js:2489
[ 1370366ms] [WARNING] [Fast Refresh] performing full reload

Fast Refresh will perform a full reload when you edit a file that's imported by modules outside of the React rendering tree.
You might have a file which exports a React component but also exports a value that is imported by a non-React component file.
Consider migrating the non-React component export to a separate file and importing it into both files.

It is also possible the parent component of the component you edited is a class component, which disables Fast Refresh.
Fast Refresh requires at least one parent function component in your React tree. @ http://localhost:3000/_next/static/chunks/20gk_next_dist_0zq9kua._.js:2489
[ 1371099ms] [WARNING] [Fast Refresh] performing full reload

Fast Refresh will perform a full reload when you edit a file that's imported by modules outside of the React rendering tree.
You might have a file which exports a React component but also exports a value that is imported by a non-React component file.
Consider migrating the non-React component export to a separate file and importing it into both files.

It is also possible the parent component of the component you edited is a class component, which disables Fast Refresh.
Fast Refresh requires at least one parent function component in your React tree. @ http://localhost:3000/_next/static/chunks/20gk_next_dist_0zq9kua._.js:2489
[ 1371347ms] [LOG] [Fast Refresh] done in 781ms @ http://localhost:3000/_next/static/chunks/20gk_next_dist_0zq9kua._.js:2489
[ 1372412ms] [INFO] %cDownload the React DevTools for a better development experience: https://react.dev/link/react-devtools font-weight:bold @ http://localhost:3000/_next/static/chunks/20gk_next_dist_0zq9kua._.js:2489
[ 1372455ms] [LOG] [HMR] connected @ http://localhost:3000/_next/static/chunks/20gk_next_dist_0zq9kua._.js:2489
[ 1372638ms] [WARNING] Image with src "/image.png" has "fill" but is missing "sizes" prop. Please add it to improve page performance. Read more: https://nextjs.org/docs/api-reference/next/image#sizes @ http://localhost:3000/_next/static/chunks/20gk_next_dist_0zq9kua._.js:2489
[ 1372699ms] [WARNING] Image with src "/attr-slides.png" has "fill" but is missing "sizes" prop. Please add it to improve page performance. Read more: https://nextjs.org/docs/api-reference/next/image#sizes @ http://localhost:3000/_next/static/chunks/20gk_next_dist_0zq9kua._.js:2489
[ 1623048ms] [LOG] [Fast Refresh] rebuilding @ http://localhost:3000/_next/static/chunks/20gk_next_dist_0zq9kua._.js:2489
[ 1623531ms] [LOG] [Fast Refresh] done in 584ms @ http://localhost:3000/_next/static/chunks/20gk_next_dist_0zq9kua._.js:2489
[ 1627531ms] [LOG] [Fast Refresh] rebuilding @ http://localhost:3000/_next/static/chunks/20gk_next_dist_0zq9kua._.js:2489
[ 1627538ms] [LOG] [Fast Refresh] done in 108ms @ http://localhost:3000/_next/static/chunks/20gk_next_dist_0zq9kua._.js:2489
[ 1640854ms] [LOG] [Fast Refresh] rebuilding @ http://localhost:3000/_next/static/chunks/20gk_next_dist_0zq9kua._.js:2489
[ 1640920ms] [LOG] [Fast Refresh] done in 168ms @ http://localhost:3000/_next/static/chunks/20gk_next_dist_0zq9kua._.js:2489
[ 2032501ms] [LOG] [Fast Refresh] rebuilding @ http://localhost:3000/_next/static/chunks/20gk_next_dist_0zq9kua._.js:2489
[ 2032753ms] [LOG] [Fast Refresh] done in 317ms @ http://localhost:3000/_next/static/chunks/20gk_next_dist_0zq9kua._.js:2489
[ 2032788ms] [WARNING] [Fast Refresh] performing full reload

Fast Refresh will perform a full reload when you edit a file that's imported by modules outside of the React rendering tree.
You might have a file which exports a React component but also exports a value that is imported by a non-React component file.
Consider migrating the non-React component export to a separate file and importing it into both files.

It is also possible the parent component of the component you edited is a class component, which disables Fast Refresh.
Fast Refresh requires at least one parent function component in your React tree. @ http://localhost:3000/_next/static/chunks/20gk_next_dist_0zq9kua._.js:2489
[ 2032919ms] [LOG] [Fast Refresh] rebuilding @ http://localhost:3000/_next/static/chunks/20gk_next_dist_0zq9kua._.js:2489
[ 2032975ms] [LOG] [Fast Refresh] done in 158ms @ http://localhost:3000/_next/static/chunks/20gk_next_dist_0zq9kua._.js:2489
[ 2033232ms] [LOG] [Fast Refresh] rebuilding @ http://localhost:3000/_next/static/chunks/20gk_next_dist_0zq9kua._.js:2489
[ 2033246ms] [LOG] [Fast Refresh] done in 115ms @ http://localhost:3000/_next/static/chunks/20gk_next_dist_0zq9kua._.js:2489
[ 2033736ms] [INFO] %cDownload the React DevTools for a better development experience: https://react.dev/link/react-devtools font-weight:bold @ http://localhost:3000/_next/static/chunks/20gk_next_dist_0zq9kua._.js:2489
[ 2033880ms] [LOG] [HMR] connected @ http://localhost:3000/_next/static/chunks/20gk_next_dist_0zq9kua._.js:2489
[ 2033986ms] [WARNING] Image with src "/image.png" has "fill" but is missing "sizes" prop. Please add it to improve page performance. Read more: https://nextjs.org/docs/api-reference/next/image#sizes @ http://localhost:3000/_next/static/chunks/20gk_next_dist_0zq9kua._.js:2489
[ 2034048ms] [WARNING] Image with src "/attr-slides.png" has "fill" but is missing "sizes" prop. Please add it to improve page performance. Read more: https://nextjs.org/docs/api-reference/next/image#sizes @ http://localhost:3000/_next/static/chunks/20gk_next_dist_0zq9kua._.js:2489
[ 2034180ms] [LOG] [Fast Refresh] rebuilding @ http://localhost:3000/_next/static/chunks/20gk_next_dist_0zq9kua._.js:2489
[ 2034263ms] [LOG] [Fast Refresh] done in 184ms @ http://localhost:3000/_next/static/chunks/20gk_next_dist_0zq9kua._.js:2489
[ 2624946ms] [LOG] [Fast Refresh] rebuilding @ http://localhost:3000/_next/static/chunks/20gk_next_dist_0zq9kua._.js:2489
[ 2625142ms] [LOG] [Fast Refresh] done in 134ms @ http://localhost:3000/_next/static/chunks/20gk_next_dist_0zq9kua._.js:2489
[ 2625239ms] [WARNING] [Fast Refresh] performing full reload

Fast Refresh will perform a full reload when you edit a file that's imported by modules outside of the React rendering tree.
You might have a file which exports a React component but also exports a value that is imported by a non-React component file.
Consider migrating the non-React component export to a separate file and importing it into both files.

It is also possible the parent component of the component you edited is a class component, which disables Fast Refresh.
Fast Refresh requires at least one parent function component in your React tree. @ http://localhost:3000/_next/static/chunks/20gk_next_dist_0zq9kua._.js:2489
[ 2625469ms] [LOG] [Fast Refresh] rebuilding @ http://localhost:3000/_next/static/chunks/20gk_next_dist_0zq9kua._.js:2489
[ 2625594ms] [LOG] [Fast Refresh] done in 227ms @ http://localhost:3000/_next/static/chunks/20gk_next_dist_0zq9kua._.js:2489
[ 2625873ms] [LOG] [Fast Refresh] rebuilding @ http://localhost:3000/_next/static/chunks/20gk_next_dist_0zq9kua._.js:2489
[ 2625961ms] [LOG] [Fast Refresh] done in 188ms @ http://localhost:3000/_next/static/chunks/20gk_next_dist_0zq9kua._.js:2489
[ 2626189ms] [LOG] [Fast Refresh] rebuilding @ http://localhost:3000/_next/static/chunks/20gk_next_dist_0zq9kua._.js:2489
[ 2626204ms] [LOG] [Fast Refresh] done in 115ms @ http://localhost:3000/_next/static/chunks/20gk_next_dist_0zq9kua._.js:2489
[ 2626601ms] [INFO] %cDownload the React DevTools for a better development experience: https://react.dev/link/react-devtools font-weight:bold @ http://localhost:3000/_next/static/chunks/20gk_next_dist_0zq9kua._.js:2489
[ 2626892ms] [LOG] [HMR] connected @ http://localhost:3000/_next/static/chunks/20gk_next_dist_0zq9kua._.js:2489
[ 2627436ms] [WARNING] Image with src "/image.png" has "fill" but is missing "sizes" prop. Please add it to improve page performance. Read more: https://nextjs.org/docs/api-reference/next/image#sizes @ http://localhost:3000/_next/static/chunks/20gk_next_dist_0zq9kua._.js:2489
[ 2627502ms] [WARNING] Image with src "/attr-slides.png" has "fill" but is missing "sizes" prop. Please add it to improve page performance. Read more: https://nextjs.org/docs/api-reference/next/image#sizes @ http://localhost:3000/_next/static/chunks/20gk_next_dist_0zq9kua._.js:2489
[ 2627519ms] [ERROR] Failed to load resource: net::ERR_CONNECTION_REFUSED @ http://localhost:3000/_next/static/chunks/%5Bturbopack%5D_browser_dev_hmr-client_hmr-client_ts_0u0_g13._.js:0
[ 2627616ms] ChunkLoadError: Failed to load chunk /_next/static/chunks/%5Bturbopack%5D_browser_dev_hmr-client_hmr-client_ts_0u0_g13._.js from module [turbopack]/browser/dev/hmr-client/hmr-client.ts [app-client] (ecmascript, async loader)
    at http://localhost:3000/_next/static/chunks/turbopack-Desktop_aqua_165z_ig._.js:698:25
    at async Promise.all (index 1)
[ 2627602ms] [ERROR] Failed to load resource: net::ERR_CONNECTION_REFUSED @ http://localhost:3000/__nextjs_original-stack-frames:0
[ 2627604ms] [ERROR] Failed to load resource: net::ERR_CONNECTION_REFUSED @ http://localhost:3000/favicon.ico?favicon.2vob68tjqpejf.ico:0
[ 2628539ms] [ERROR] WebSocket connection to 'ws://localhost:3000/_next/webpack-hmr?id=g8kVdBc3nLK3ce1lTaEqu' failed: Error in connection establishment: net::ERR_CONNECTION_REFUSED @ http://localhost:3000/_next/static/chunks/20gk_next_dist_client_1xwm0v_._.js:13422
[ 2629870ms] [LOG] [HMR] connected @ http://localhost:3000/_next/static/chunks/20gk_next_dist_0zq9kua._.js:2489
[ 2630616ms] [INFO] %cDownload the React DevTools for a better development experience: https://react.dev/link/react-devtools font-weight:bold @ http://localhost:3000/_next/static/chunks/20gk_next_dist_0zq9kua._.js:2489
[ 2630636ms] [LOG] [HMR] connected @ http://localhost:3000/_next/static/chunks/20gk_next_dist_0zq9kua._.js:2489
[ 2630755ms] [WARNING] Image with src "/image.png" has "fill" but is missing "sizes" prop. Please add it to improve page performance. Read more: https://nextjs.org/docs/api-reference/next/image#sizes @ http://localhost:3000/_next/static/chunks/20gk_next_dist_0zq9kua._.js:2489
[ 2630805ms] [WARNING] Image with src "/attr-slides.png" has "fill" but is missing "sizes" prop. Please add it to improve page performance. Read more: https://nextjs.org/docs/api-reference/next/image#sizes @ http://localhost:3000/_next/static/chunks/20gk_next_dist_0zq9kua._.js:2489
[ 2710548ms] [LOG] [Fast Refresh] rebuilding @ http://localhost:3000/_next/static/chunks/20gk_next_dist_0zq9kua._.js:2489
[ 2711144ms] [LOG] [Fast Refresh] done in 680ms @ http://localhost:3000/_next/static/chunks/20gk_next_dist_0zq9kua._.js:2489
[ 2751136ms] [LOG] [Fast Refresh] rebuilding @ http://localhost:3000/_next/static/chunks/20gk_next_dist_0zq9kua._.js:2489
[ 2751394ms] [LOG] [Fast Refresh] done in 70ms @ http://localhost:3000/_next/static/chunks/20gk_next_dist_0zq9kua._.js:2489
[ 2751406ms] [WARNING] [Fast Refresh] performing full reload

Fast Refresh will perform a full reload when you edit a file that's imported by modules outside of the React rendering tree.
You might have a file which exports a React component but also exports a value that is imported by a non-React component file.
Consider migrating the non-React component export to a separate file and importing it into both files.

It is also possible the parent component of the component you edited is a class component, which disables Fast Refresh.
Fast Refresh requires at least one parent function component in your React tree. @ http://localhost:3000/_next/static/chunks/20gk_next_dist_0zq9kua._.js:2489
[ 2751800ms] [LOG] [Fast Refresh] rebuilding @ http://localhost:3000/_next/static/chunks/20gk_next_dist_0zq9kua._.js:2489
[ 2751815ms] [LOG] [Fast Refresh] done in 116ms @ http://localhost:3000/_next/static/chunks/20gk_next_dist_0zq9kua._.js:2489
[ 2752803ms] [INFO] %cDownload the React DevTools for a better development experience: https://react.dev/link/react-devtools font-weight:bold @ http://localhost:3000/_next/static/chunks/20gk_next_dist_0zq9kua._.js:2489
[ 2752869ms] [LOG] [HMR] connected @ http://localhost:3000/_next/static/chunks/20gk_next_dist_0zq9kua._.js:2489
[ 2752989ms] [LOG] [Fast Refresh] rebuilding @ http://localhost:3000/_next/static/chunks/20gk_next_dist_0zq9kua._.js:2489
[ 2753053ms] [LOG] [Fast Refresh] done in 164ms @ http://localhost:3000/_next/static/chunks/20gk_next_dist_0zq9kua._.js:2489
[ 2753161ms] [WARNING] Image with src "/image.png" has "fill" but is missing "sizes" prop. Please add it to improve page performance. Read more: https://nextjs.org/docs/api-reference/next/image#sizes @ http://localhost:3000/_next/static/chunks/20gk_next_dist_0zq9kua._.js:2489
[ 2753253ms] [WARNING] Image with src "/attr-slides.png" has "fill" but is missing "sizes" prop. Please add it to improve page performance. Read more: https://nextjs.org/docs/api-reference/next/image#sizes @ http://localhost:3000/_next/static/chunks/20gk_next_dist_0zq9kua._.js:2489
[ 2792741ms] [LOG] [Fast Refresh] rebuilding @ http://localhost:3000/_next/static/chunks/20gk_next_dist_0zq9kua._.js:2489
[ 2792917ms] [WARNING] [Fast Refresh] performing full reload

Fast Refresh will perform a full reload when you edit a file that's imported by modules outside of the React rendering tree.
You might have a file which exports a React component but also exports a value that is imported by a non-React component file.
Consider migrating the non-React component export to a separate file and importing it into both files.

It is also possible the parent component of the component you edited is a class component, which disables Fast Refresh.
Fast Refresh requires at least one parent function component in your React tree. @ http://localhost:3000/_next/static/chunks/20gk_next_dist_0zq9kua._.js:2489
[ 2792919ms] [LOG] [Fast Refresh] done in 183ms @ http://localhost:3000/_next/static/chunks/20gk_next_dist_0zq9kua._.js:2489
[ 2792927ms] [WARNING] [Fast Refresh] performing full reload

Fast Refresh will perform a full reload when you edit a file that's imported by modules outside of the React rendering tree.
You might have a file which exports a React component but also exports a value that is imported by a non-React component file.
Consider migrating the non-React component export to a separate file and importing it into both files.

It is also possible the parent component of the component you edited is a class component, which disables Fast Refresh.
Fast Refresh requires at least one parent function component in your React tree. @ http://localhost:3000/_next/static/chunks/20gk_next_dist_0zq9kua._.js:2489
[ 2793203ms] [LOG] [Fast Refresh] rebuilding @ http://localhost:3000/_next/static/chunks/20gk_next_dist_0zq9kua._.js:2489
[ 2793299ms] [LOG] [Fast Refresh] done in 197ms @ http://localhost:3000/_next/static/chunks/20gk_next_dist_0zq9kua._.js:2489
[ 2793962ms] [INFO] %cDownload the React DevTools for a better development experience: https://react.dev/link/react-devtools font-weight:bold @ http://localhost:3000/_next/static/chunks/20gk_next_dist_0zq9kua._.js:2489
[ 2794034ms] [LOG] [HMR] connected @ http://localhost:3000/_next/static/chunks/20gk_next_dist_0zq9kua._.js:2489
[ 2794164ms] Error: Internal Next.js error: Router action dispatched before initialization.
    at dispatchAppRouterAction (http://localhost:3000/_next/static/chunks/20gk_next_dist_client_1xwm0v_._.js:916:37)
    at http://localhost:3000/_next/static/chunks/20gk_next_dist_client_1xwm0v_._.js:11923:61
    at startTransition (http://localhost:3000/_next/static/chunks/20gk_next_dist_compiled_18o09lx._.js:1279:31)
    at Object.hmrRefresh (http://localhost:3000/_next/static/chunks/20gk_next_dist_client_1xwm0v_._.js:11922:40)
    at http://localhost:3000/_next/static/chunks/20gk_next_dist_client_1xwm0v_._.js:14090:64
    at startTransition (http://localhost:3000/_next/static/chunks/20gk_next_dist_compiled_18o09lx._.js:1279:31)
    at processMessage (http://localhost:3000/_next/static/chunks/20gk_next_dist_client_1xwm0v_._.js:14089:44)
    at WebSocket.handleMessage (http://localhost:3000/_next/static/chunks/20gk_next_dist_client_1xwm0v_._.js:13458:52)
[ 2794218ms] Error: Internal Next.js error: Router action dispatched before initialization.
    at dispatchAppRouterAction (http://localhost:3000/_next/static/chunks/20gk_next_dist_client_1xwm0v_._.js:916:37)
    at http://localhost:3000/_next/static/chunks/20gk_next_dist_client_1xwm0v_._.js:11923:61
    at startTransition (http://localhost:3000/_next/static/chunks/20gk_next_dist_compiled_18o09lx._.js:1279:31)
    at Object.hmrRefresh (http://localhost:3000/_next/static/chunks/20gk_next_dist_client_1xwm0v_._.js:11922:40)
    at http://localhost:3000/_next/static/chunks/20gk_next_dist_client_1xwm0v_._.js:14090:64
    at startTransition (http://localhost:3000/_next/static/chunks/20gk_next_dist_compiled_18o09lx._.js:1279:31)
    at processMessage (http://localhost:3000/_next/static/chunks/20gk_next_dist_client_1xwm0v_._.js:14089:44)
    at WebSocket.handleMessage (http://localhost:3000/_next/static/chunks/20gk_next_dist_client_1xwm0v_._.js:13458:52)
[ 2794710ms] [WARNING] Image with src "/image.png" has "fill" but is missing "sizes" prop. Please add it to improve page performance. Read more: https://nextjs.org/docs/api-reference/next/image#sizes @ http://localhost:3000/_next/static/chunks/20gk_next_dist_0zq9kua._.js:2489
[ 2794756ms] [WARNING] Image with src "/attr-slides.png" has "fill" but is missing "sizes" prop. Please add it to improve page performance. Read more: https://nextjs.org/docs/api-reference/next/image#sizes @ http://localhost:3000/_next/static/chunks/20gk_next_dist_0zq9kua._.js:2489
[ 2975570ms] [LOG] [Fast Refresh] rebuilding @ http://localhost:3000/_next/static/chunks/20gk_next_dist_0zq9kua._.js:2489
[ 2975819ms] [LOG] [Fast Refresh] done in 325ms @ http://localhost:3000/_next/static/chunks/20gk_next_dist_0zq9kua._.js:2489
[ 2975945ms] [LOG] [Fast Refresh] rebuilding @ http://localhost:3000/_next/static/chunks/20gk_next_dist_0zq9kua._.js:2489
[ 2976026ms] [LOG] [Fast Refresh] done in 184ms @ http://localhost:3000/_next/static/chunks/20gk_next_dist_0zq9kua._.js:2489
[ 2989587ms] [LOG] [Fast Refresh] rebuilding @ http://localhost:3000/_next/static/chunks/20gk_next_dist_0zq9kua._.js:2489
[ 2989597ms] [LOG] [Fast Refresh] done in 100ms @ http://localhost:3000/_next/static/chunks/20gk_next_dist_0zq9kua._.js:2489
[ 3022615ms] [LOG] [Fast Refresh] rebuilding @ http://localhost:3000/_next/static/chunks/20gk_next_dist_0zq9kua._.js:2489
[ 3022633ms] [LOG] [Fast Refresh] done in 70ms @ http://localhost:3000/_next/static/chunks/20gk_next_dist_0zq9kua._.js:2489
[ 3028598ms] [LOG] [Fast Refresh] rebuilding @ http://localhost:3000/_next/static/chunks/20gk_next_dist_0zq9kua._.js:2489
[ 3028617ms] [LOG] [Fast Refresh] done in 61ms @ http://localhost:3000/_next/static/chunks/20gk_next_dist_0zq9kua._.js:2489
[ 3060953ms] [LOG] [Fast Refresh] rebuilding @ http://localhost:3000/_next/static/chunks/20gk_next_dist_0zq9kua._.js:2489
[ 3060963ms] [LOG] [Fast Refresh] done in 73ms @ http://localhost:3000/_next/static/chunks/20gk_next_dist_0zq9kua._.js:2489
[ 3122893ms] [LOG] [Fast Refresh] rebuilding @ http://localhost:3000/_next/static/chunks/20gk_next_dist_0zq9kua._.js:2489
[ 3122940ms] [LOG] [Fast Refresh] done in 75ms @ http://localhost:3000/_next/static/chunks/20gk_next_dist_0zq9kua._.js:2489
[ 3123055ms] [LOG] [Fast Refresh] rebuilding @ http://localhost:3000/_next/static/chunks/20gk_next_dist_0zq9kua._.js:2489
[ 3123156ms] [LOG] [Fast Refresh] done in 72ms @ http://localhost:3000/_next/static/chunks/20gk_next_dist_0zq9kua._.js:2489
[ 3180433ms] [LOG] [Fast Refresh] rebuilding @ http://localhost:3000/_next/static/chunks/20gk_next_dist_0zq9kua._.js:2489
[ 3182608ms] [ERROR] ./Desktop/aqua/src/components/layout/Footer.tsx:2:1
Export Instagram doesn't exist in target module
  1 | import Image from "next/image";
> 2 | import { Instagram } from "lucide-react";
    | ^^^^^^^^^^^^^^^^^^^^^^^^^^^^^^^^^^^^^^^^^
  3 |
  4 | export default function Footer() {
  5 |   const socialLinks = [

The export Instagram was not found in module [project]/Desktop/aqua/node_modules/lucide-react/dist/esm/lucide-react.mjs [app-rsc] (ecmascript).
Did you mean to import Star?
All exports of the module are statically known (It doesn't have dynamic exports). So it's known statically that the requested export doesn't exist.

Import trace:
  Server Component:
    ./Desktop/aqua/src/components/layout/Footer.tsx
    ./Desktop/aqua/src/app/page.tsx @ http://localhost:3000/_next/static/chunks/20gk_next_dist_0zq9kua._.js:3330
[ 3182627ms] [ERROR] Failed to load resource: the server responded with a status of 500 (Internal Server Error) @ http://localhost:3000/?_rsc=q3mOO9BClNZHexY7:0
[ 3182782ms] [LOG] [Fast Refresh] rebuilding @ http://localhost:3000/_next/static/chunks/20gk_next_dist_0zq9kua._.js:2489
[ 3183151ms] [ERROR] ./Desktop/aqua/src/components/layout/Footer.tsx:2:1
Export Instagram doesn't exist in target module
  1 | import Image from "next/image";
> 2 | import { Instagram } from "lucide-react";
    | ^^^^^^^^^^^^^^^^^^^^^^^^^^^^^^^^^^^^^^^^^
  3 |
  4 | export default function Footer() {
  5 |   const socialLinks = [

The export Instagram was not found in module [project]/Desktop/aqua/node_modules/lucide-react/dist/esm/lucide-react.mjs [app-rsc] (ecmascript).
Did you mean to import Star?
All exports of the module are statically known (It doesn't have dynamic exports). So it's known statically that the requested export doesn't exist.

Import trace:
  Server Component:
    ./Desktop/aqua/src/components/layout/Footer.tsx
    ./Desktop/aqua/src/app/page.tsx @ http://localhost:3000/_next/static/chunks/20gk_next_dist_0zq9kua._.js:3330
[ 3183183ms] [ERROR] ./Desktop/aqua/src/components/layout/Footer.tsx:2:1
Export Instagram doesn't exist in target module
  1 | import Image from "next/image";
> 2 | import { Instagram } from "lucide-react";
    | ^^^^^^^^^^^^^^^^^^^^^^^^^^^^^^^^^^^^^^^^^
  3 |
  4 | export default function Footer() {
  5 |   const socialLinks = [

The export Instagram was not found in module [project]/Desktop/aqua/node_modules/lucide-react/dist/esm/lucide-react.mjs [app-rsc] (ecmascript).
Did you mean to import Star?
All exports of the module are statically known (It doesn't have dynamic exports). So it's known statically that the requested export doesn't exist.

Import trace:
  Server Component:
    ./Desktop/aqua/src/components/layout/Footer.tsx
    ./Desktop/aqua/src/app/page.tsx @ http://localhost:3000/_next/static/chunks/20gk_next_dist_0zq9kua._.js:3330
[ 3183200ms] [ERROR] ./Desktop/aqua/src/components/layout/Footer.tsx:2:1
Export Instagram doesn't exist in target module
  1 | import Image from "next/image";
> 2 | import { Instagram } from "lucide-react";
    | ^^^^^^^^^^^^^^^^^^^^^^^^^^^^^^^^^^^^^^^^^
  3 |
  4 | export default function Footer() {
  5 |   const socialLinks = [

The export Instagram was not found in module [project]/Desktop/aqua/node_modules/lucide-react/dist/esm/lucide-react.mjs [app-rsc] (ecmascript).
Did you mean to import Star?
All exports of the module are statically known (It doesn't have dynamic exports). So it's known statically that the requested export doesn't exist.

Import trace:
  Server Component:
    ./Desktop/aqua/src/components/layout/Footer.tsx
    ./Desktop/aqua/src/app/page.tsx @ http://localhost:3000/_next/static/chunks/20gk_next_dist_0zq9kua._.js:3330
[ 3183313ms] [LOG] [Fast Refresh] rebuilding @ http://localhost:3000/_next/static/chunks/20gk_next_dist_0zq9kua._.js:2489
[ 3183341ms] [ERROR] Failed to load resource: the server responded with a status of 500 (Internal Server Error) @ http://localhost:3000/?_rsc=q3mOO9BClNZHexY7:0
[ 3183455ms] [ERROR] ./Desktop/aqua/src/components/layout/Footer.tsx:2:1
Export Instagram doesn't exist in target module
  1 | import Image from "next/image";
> 2 | import { Instagram } from "lucide-react";
    | ^^^^^^^^^^^^^^^^^^^^^^^^^^^^^^^^^^^^^^^^^
  3 |
  4 | export default function Footer() {
  5 |   const socialLinks = [

The export Instagram was not found in module [project]/Desktop/aqua/node_modules/lucide-react/dist/esm/lucide-react.mjs [app-rsc] (ecmascript).
Did you mean to import Star?
All exports of the module are statically known (It doesn't have dynamic exports). So it's known statically that the requested export doesn't exist.

Import trace:
  Server Component:
    ./Desktop/aqua/src/components/layout/Footer.tsx
    ./Desktop/aqua/src/app/page.tsx @ http://localhost:3000/_next/static/chunks/20gk_next_dist_0zq9kua._.js:3330
[ 3183479ms] [ERROR] Failed to load resource: the server responded with a status of 500 (Internal Server Error) @ http://localhost:3000/:0
[ 3183817ms] [INFO] %cDownload the React DevTools for a better development experience: https://react.dev/link/react-devtools font-weight:bold @ http://localhost:3000/_next/static/chunks/20gk_react-dom_09vwelp._.js:15305
[ 3183875ms] Error: ./Desktop/aqua/src/components/layout/Footer.tsx:2:1
Export Instagram doesn't exist in target module
  1 | import Image from "next/image";
> 2 | import { Instagram } from "lucide-react";
    | ^^^^^^^^^^^^^^^^^^^^^^^^^^^^^^^^^^^^^^^^^
  3 |
  4 | export default function Footer() {
  5 |   const socialLinks = [

The export Instagram was not found in module [project]/Desktop/aqua/node_modules/lucide-react/dist/esm/lucide-react.mjs [app-rsc] (ecmascript).
Did you mean to import Star?
All exports of the module are statically known (It doesn't have dynamic exports). So it's known statically that the requested export doesn't exist.

Import trace:
  Server Component:
    ./Desktop/aqua/src/components/layout/Footer.tsx
    ./Desktop/aqua/src/app/page.tsx


    at <unknown> (Error: ./Desktop/aqua/src/components/layout/Footer.tsx:2:1)
    at Object.getCompilationErrors (file:///Users/smitpatel/Desktop/aqua/node_modules/next/dist/server/dev/hot-reloader-turbopack.js:1186:59)
    at DevBundlerService.getCompilationError (file:///Users/smitpatel/Desktop/aqua/node_modules/next/dist/server/lib/dev-bundler-service.js:44:55)
    at DevServer.getCompilationError (file:///Users/smitpatel/Desktop/aqua/node_modules/next/dist/server/dev/next-dev-server.js:720:42)
    at DevServer.findPageComponents (file:///Users/smitpatel/Desktop/aqua/node_modules/next/dist/server/dev/next-dev-server.js:690:43)
    at async DevServer.renderErrorToResponseImpl (file:///Users/smitpatel/Desktop/aqua/node_modules/next/dist/server/base-server.js:1753:26)
[ 3183914ms] [LOG] [HMR] connected @ http://localhost:3000/_next/static/chunks/20gk_next_dist_18aegbi._.js:1226
[ 3183933ms] [ERROR] ./Desktop/aqua/src/components/layout/Footer.tsx:2:1
Export Instagram doesn't exist in target module
  1 | import Image from "next/image";
> 2 | import { Instagram } from "lucide-react";
    | ^^^^^^^^^^^^^^^^^^^^^^^^^^^^^^^^^^^^^^^^^
  3 |
  4 | export default function Footer() {
  5 |   const socialLinks = [

The export Instagram was not found in module [project]/Desktop/aqua/node_modules/lucide-react/dist/esm/lucide-react.mjs [app-rsc] (ecmascript).
Did you mean to import Star?
All exports of the module are statically known (It doesn't have dynamic exports). So it's known statically that the requested export doesn't exist.

Import trace:
  Server Component:
    ./Desktop/aqua/src/components/layout/Footer.tsx
    ./Desktop/aqua/src/app/page.tsx @ http://localhost:3000/_next/static/chunks/20gk_next_dist_18aegbi._.js:1945
[ 3183948ms] [ERROR] ./Desktop/aqua/src/components/layout/Footer.tsx:2:1
Export Instagram doesn't exist in target module
  1 | import Image from "next/image";
> 2 | import { Instagram } from "lucide-react";
    | ^^^^^^^^^^^^^^^^^^^^^^^^^^^^^^^^^^^^^^^^^
  3 |
  4 | export default function Footer() {
  5 |   const socialLinks = [

The export Instagram was not found in module [project]/Desktop/aqua/node_modules/lucide-react/dist/esm/lucide-react.mjs [app-rsc] (ecmascript).
Did you mean to import Star?
All exports of the module are statically known (It doesn't have dynamic exports). So it's known statically that the requested export doesn't exist.

Import trace:
  Server Component:
    ./Desktop/aqua/src/components/layout/Footer.tsx
    ./Desktop/aqua/src/app/page.tsx @ http://localhost:3000/_next/static/chunks/20gk_next_dist_18aegbi._.js:1945
[ 3184035ms] [LOG] [Fast Refresh] rebuilding @ http://localhost:3000/_next/static/chunks/20gk_next_dist_18aegbi._.js:1226
[ 3184054ms] [ERROR] ./Desktop/aqua/src/components/layout/Footer.tsx:2:1
Export Instagram doesn't exist in target module
  1 | import Image from "next/image";
> 2 | import { Instagram } from "lucide-react";
    | ^^^^^^^^^^^^^^^^^^^^^^^^^^^^^^^^^^^^^^^^^
  3 |
  4 | export default function Footer() {
  5 |   const socialLinks = [

The export Instagram was not found in module [project]/Desktop/aqua/node_modules/lucide-react/dist/esm/lucide-react.mjs [app-rsc] (ecmascript).
Did you mean to import Star?
All exports of the module are statically known (It doesn't have dynamic exports). So it's known statically that the requested export doesn't exist.

Import trace:
  Server Component:
    ./Desktop/aqua/src/components/layout/Footer.tsx
    ./Desktop/aqua/src/app/page.tsx @ http://localhost:3000/_next/static/chunks/20gk_next_dist_18aegbi._.js:1945
[ 3236809ms] [LOG] [Fast Refresh] rebuilding @ http://localhost:3000/_next/static/chunks/20gk_next_dist_18aegbi._.js:1226
[ 3237441ms] [LOG] [Fast Refresh] done in 258ms @ http://localhost:3000/_next/static/chunks/20gk_next_dist_18aegbi._.js:1226
[ 3238160ms] [LOG] [Fast Refresh] rebuilding @ http://localhost:3000/_next/static/chunks/20gk_next_dist_18aegbi._.js:1226
[ 3238256ms] [LOG] [Fast Refresh] done in 197ms @ http://localhost:3000/_next/static/chunks/20gk_next_dist_18aegbi._.js:1226
[ 3239040ms] [INFO] %cDownload the React DevTools for a better development experience: https://react.dev/link/react-devtools font-weight:bold @ http://localhost:3000/_next/static/chunks/20gk_next_dist_0zq9kua._.js:2489
[ 3239135ms] [LOG] [HMR] connected @ http://localhost:3000/_next/static/chunks/20gk_next_dist_0zq9kua._.js:2489
[ 3239339ms] [WARNING] Image with src "/image.png" has "fill" but is missing "sizes" prop. Please add it to improve page performance. Read more: https://nextjs.org/docs/api-reference/next/image#sizes @ http://localhost:3000/_next/static/chunks/20gk_next_dist_0zq9kua._.js:2489
[ 3239384ms] [WARNING] Image with src "/attr-slides.png" has "fill" but is missing "sizes" prop. Please add it to improve page performance. Read more: https://nextjs.org/docs/api-reference/next/image#sizes @ http://localhost:3000/_next/static/chunks/20gk_next_dist_0zq9kua._.js:2489
