[  149357ms] [LOG] [Fast Refresh] rebuilding @ http://localhost:3000/_next/static/chunks/20gk_next_dist_0zq9kua._.js:2489
[  149449ms] [LOG] [Fast Refresh] done in 158ms @ http://localhost:3000/_next/static/chunks/20gk_next_dist_0zq9kua._.js:2489
[  314666ms] [LOG] [Fast Refresh] rebuilding @ http://localhost:3000/_next/static/chunks/20gk_next_dist_0zq9kua._.js:2489
[  314700ms] [LOG] [Fast Refresh] done in 54ms @ http://localhost:3000/_next/static/chunks/20gk_next_dist_0zq9kua._.js:2489
[  467723ms] [LOG] [Fast Refresh] rebuilding @ http://localhost:3000/_next/static/chunks/20gk_next_dist_0zq9kua._.js:2489
[  468051ms] [LOG] [Fast Refresh] done in 290ms @ http://localhost:3000/_next/static/chunks/20gk_next_dist_0zq9kua._.js:2489
[  468127ms] [LOG] [Fast Refresh] rebuilding @ http://localhost:3000/_next/static/chunks/20gk_next_dist_0zq9kua._.js:2489
[  468129ms] [WARNING] [Fast Refresh] performing full reload

Fast Refresh will perform a full reload when you edit a file that's imported by modules outside of the React rendering tree.
You might have a file which exports a React component but also exports a value that is imported by a non-React component file.
Consider migrating the non-React component export to a separate file and importing it into both files.

It is also possible the parent component of the component you edited is a class component, which disables Fast Refresh.
Fast Refresh requires at least one parent function component in your React tree. @ http://localhost:3000/_next/static/chunks/20gk_next_dist_0zq9kua._.js:2489
[  468148ms] [LOG] [Fast Refresh] done in 25ms @ http://localhost:3000/_next/static/chunks/20gk_next_dist_0zq9kua._.js:2489
[  468541ms] [LOG] [Fast Refresh] rebuilding @ http://localhost:3000/_next/static/chunks/20gk_next_dist_0zq9kua._.js:2489
[  468610ms] [LOG] [Fast Refresh] done in 170ms @ http://localhost:3000/_next/static/chunks/20gk_next_dist_0zq9kua._.js:2489
[  469046ms] [INFO] %cDownload the React DevTools for a better development experience: https://react.dev/link/react-devtools font-weight:bold @ http://localhost:3000/_next/static/chunks/20gk_next_dist_0zq9kua._.js:2489
[  469108ms] [LOG] [HMR] connected @ http://localhost:3000/_next/static/chunks/20gk_next_dist_0zq9kua._.js:2489
[  469353ms] [WARNING] Image with src "/image.png" has "fill" but is missing "sizes" prop. Please add it to improve page performance. Read more: https://nextjs.org/docs/api-reference/next/image#sizes @ http://localhost:3000/_next/static/chunks/20gk_next_dist_0zq9kua._.js:2489
[  469366ms] [WARNING] Image with src "/attr-slides.png" has "fill" but is missing "sizes" prop. Please add it to improve page performance. Read more: https://nextjs.org/docs/api-reference/next/image#sizes @ http://localhost:3000/_next/static/chunks/20gk_next_dist_0zq9kua._.js:2489
[  473840ms] [LOG] [Fast Refresh] rebuilding @ http://localhost:3000/_next/static/chunks/20gk_next_dist_0zq9kua._.js:2489
[  473862ms] [LOG] [Fast Refresh] done in 13ms @ http://localhost:3000/_next/static/chunks/20gk_next_dist_0zq9kua._.js:2489
[  473865ms] [LOG] [Fast Refresh] rebuilding @ http://localhost:3000/_next/static/chunks/20gk_next_dist_0zq9kua._.js:2489
[  473967ms] [LOG] [Fast Refresh] done in 3ms @ http://localhost:3000/_next/static/chunks/20gk_next_dist_0zq9kua._.js:2489
[  473986ms] [LOG] [Fast Refresh] rebuilding @ http://localhost:3000/_next/static/chunks/20gk_next_dist_0zq9kua._.js:2489
[  473988ms] [WARNING] [Fast Refresh] performing full reload

Fast Refresh will perform a full reload when you edit a file that's imported by modules outside of the React rendering tree.
You might have a file which exports a React component but also exports a value that is imported by a non-React component file.
Consider migrating the non-React component export to a separate file and importing it into both files.

It is also possible the parent component of the component you edited is a class component, which disables Fast Refresh.
Fast Refresh requires at least one parent function component in your React tree. @ http://localhost:3000/_next/static/chunks/20gk_next_dist_0zq9kua._.js:2489
[  474109ms] [LOG] [Fast Refresh] done in 5ms @ http://localhost:3000/_next/static/chunks/20gk_next_dist_0zq9kua._.js:2489
[  474971ms] [INFO] %cDownload the React DevTools for a better development experience: https://react.dev/link/react-devtools font-weight:bold @ http://localhost:3000/_next/static/chunks/20gk_next_dist_0zq9kua._.js:2489
[  475052ms] [LOG] [HMR] connected @ http://localhost:3000/_next/static/chunks/20gk_next_dist_0zq9kua._.js:2489
[  475240ms] [WARNING] Image with src "/image.png" has "fill" but is missing "sizes" prop. Please add it to improve page performance. Read more: https://nextjs.org/docs/api-reference/next/image#sizes @ http://localhost:3000/_next/static/chunks/20gk_next_dist_0zq9kua._.js:2489
[  475251ms] [WARNING] Image with src "/attr-slides.png" has "fill" but is missing "sizes" prop. Please add it to improve page performance. Read more: https://nextjs.org/docs/api-reference/next/image#sizes @ http://localhost:3000/_next/static/chunks/20gk_next_dist_0zq9kua._.js:2489
[  475361ms] [LOG] [Fast Refresh] rebuilding @ http://localhost:3000/_next/static/chunks/20gk_next_dist_0zq9kua._.js:2489
[  475514ms] [LOG] [Fast Refresh] done in 254ms @ http://localhost:3000/_next/static/chunks/20gk_next_dist_0zq9kua._.js:2489
[  480731ms] [LOG] [Fast Refresh] rebuilding @ http://localhost:3000/_next/static/chunks/20gk_next_dist_0zq9kua._.js:2489
[  480760ms] [LOG] [Fast Refresh] done in 16ms @ http://localhost:3000/_next/static/chunks/20gk_next_dist_0zq9kua._.js:2489
[  480773ms] [LOG] [Fast Refresh] rebuilding @ http://localhost:3000/_next/static/chunks/20gk_next_dist_0zq9kua._.js:2489
[  480952ms] [WARNING] [Fast Refresh] performing full reload

Fast Refresh will perform a full reload when you edit a file that's imported by modules outside of the React rendering tree.
You might have a file which exports a React component but also exports a value that is imported by a non-React component file.
Consider migrating the non-React component export to a separate file and importing it into both files.

It is also possible the parent component of the component you edited is a class component, which disables Fast Refresh.
Fast Refresh requires at least one parent function component in your React tree. @ http://localhost:3000/_next/static/chunks/20gk_next_dist_0zq9kua._.js:2489
[  480953ms] [LOG] [Fast Refresh] done in 190ms @ http://localhost:3000/_next/static/chunks/20gk_next_dist_0zq9kua._.js:2489
[  481054ms] [LOG] [Fast Refresh] rebuilding @ http://localhost:3000/_next/static/chunks/20gk_next_dist_0zq9kua._.js:2489
[  481160ms] [LOG] [Fast Refresh] done in 206ms @ http://localhost:3000/_next/static/chunks/20gk_next_dist_0zq9kua._.js:2489
[  481570ms] [INFO] %cDownload the React DevTools for a better development experience: https://react.dev/link/react-devtools font-weight:bold @ http://localhost:3000/_next/static/chunks/20gk_next_dist_0zq9kua._.js:2489
[  481629ms] [LOG] [HMR] connected @ http://localhost:3000/_next/static/chunks/20gk_next_dist_0zq9kua._.js:2489
[  481864ms] [WARNING] Image with src "/image.png" has "fill" but is missing "sizes" prop. Please add it to improve page performance. Read more: https://nextjs.org/docs/api-reference/next/image#sizes @ http://localhost:3000/_next/static/chunks/20gk_next_dist_0zq9kua._.js:2489
[  481880ms] [WARNING] Image with src "/attr-slides.png" has "fill" but is missing "sizes" prop. Please add it to improve page performance. Read more: https://nextjs.org/docs/api-reference/next/image#sizes @ http://localhost:3000/_next/static/chunks/20gk_next_dist_0zq9kua._.js:2489
[  492144ms] [ERROR] WebSocket connection to 'ws://localhost:3000/_next/webpack-hmr?id=Xgi_oQHHXvfMWQFNMWtuZ' failed: Error in connection establishment: net::ERR_CONNECTION_REFUSED @ http://localhost:3000/_next/static/chunks/20gk_next_dist_client_1xwm0v_._.js:13422
[  493146ms] [ERROR] WebSocket connection to 'ws://localhost:3000/_next/webpack-hmr?id=Xgi_oQHHXvfMWQFNMWtuZ' failed: Error in connection establishment: net::ERR_CONNECTION_REFUSED @ http://localhost:3000/_next/static/chunks/20gk_next_dist_client_1xwm0v_._.js:13422
[  494148ms] [ERROR] WebSocket connection to 'ws://localhost:3000/_next/webpack-hmr?id=Xgi_oQHHXvfMWQFNMWtuZ' failed: Error in connection establishment: net::ERR_CONNECTION_REFUSED @ http://localhost:3000/_next/static/chunks/20gk_next_dist_client_1xwm0v_._.js:13422
[  495151ms] [ERROR] WebSocket connection to 'ws://localhost:3000/_next/webpack-hmr?id=Xgi_oQHHXvfMWQFNMWtuZ' failed: Error in connection establishment: net::ERR_CONNECTION_REFUSED @ http://localhost:3000/_next/static/chunks/20gk_next_dist_client_1xwm0v_._.js:13422
[  496250ms] [LOG] [HMR] connected @ http://localhost:3000/_next/static/chunks/20gk_next_dist_0zq9kua._.js:2489
[  497270ms] [INFO] %cDownload the React DevTools for a better development experience: https://react.dev/link/react-devtools font-weight:bold @ http://localhost:3000/_next/static/chunks/20gk_next_dist_0zq9kua._.js:2489
[  497302ms] [LOG] [HMR] connected @ http://localhost:3000/_next/static/chunks/20gk_next_dist_0zq9kua._.js:2489
[  497617ms] [LOG] [Fast Refresh] rebuilding @ http://localhost:3000/_next/static/chunks/20gk_next_dist_0zq9kua._.js:2489
[  497676ms] [WARNING] Image with src "/image.png" has "fill" but is missing "sizes" prop. Please add it to improve page performance. Read more: https://nextjs.org/docs/api-reference/next/image#sizes @ http://localhost:3000/_next/static/chunks/20gk_next_dist_0zq9kua._.js:2489
[  497693ms] [WARNING] Image with src "/attr-slides.png" has "fill" but is missing "sizes" prop. Please add it to improve page performance. Read more: https://nextjs.org/docs/api-reference/next/image#sizes @ http://localhost:3000/_next/static/chunks/20gk_next_dist_0zq9kua._.js:2489
[  497735ms] [LOG] [Fast Refresh] done in 233ms @ http://localhost:3000/_next/static/chunks/20gk_next_dist_0zq9kua._.js:2489
[  543028ms] [LOG] [Fast Refresh] rebuilding @ http://localhost:3000/_next/static/chunks/20gk_next_dist_0zq9kua._.js:2489
[  543115ms] [LOG] [Fast Refresh] done in 147ms @ http://localhost:3000/_next/static/chunks/20gk_next_dist_0zq9kua._.js:2489
[  944516ms] [LOG] [Fast Refresh] rebuilding @ http://localhost:3000/_next/static/chunks/20gk_next_dist_0zq9kua._.js:2489
[  944824ms] [WARNING] [Fast Refresh] performing full reload

Fast Refresh will perform a full reload when you edit a file that's imported by modules outside of the React rendering tree.
You might have a file which exports a React component but also exports a value that is imported by a non-React component file.
Consider migrating the non-React component export to a separate file and importing it into both files.

It is also possible the parent component of the component you edited is a class component, which disables Fast Refresh.
Fast Refresh requires at least one parent function component in your React tree. @ http://localhost:3000/_next/static/chunks/20gk_next_dist_0zq9kua._.js:2489
[  944831ms] [LOG] [Fast Refresh] done in 358ms @ http://localhost:3000/_next/static/chunks/20gk_next_dist_0zq9kua._.js:2489
[  945306ms] [LOG] [Fast Refresh] rebuilding @ http://localhost:3000/_next/static/chunks/20gk_next_dist_0zq9kua._.js:2489
[  945354ms] [LOG] [Fast Refresh] done in 148ms @ http://localhost:3000/_next/static/chunks/20gk_next_dist_0zq9kua._.js:2489
[  945908ms] [INFO] %cDownload the React DevTools for a better development experience: https://react.dev/link/react-devtools font-weight:bold @ http://localhost:3000/_next/static/chunks/20gk_next_dist_0zq9kua._.js:2489
[  946093ms] [LOG] [HMR] connected @ http://localhost:3000/_next/static/chunks/20gk_next_dist_0zq9kua._.js:2489
[  946235ms] [WARNING] Image with src "/image.png" has "fill" but is missing "sizes" prop. Please add it to improve page performance. Read more: https://nextjs.org/docs/api-reference/next/image#sizes @ http://localhost:3000/_next/static/chunks/20gk_next_dist_0zq9kua._.js:2489
[  946277ms] [WARNING] Image with src "/attr-slides.png" has "fill" but is missing "sizes" prop. Please add it to improve page performance. Read more: https://nextjs.org/docs/api-reference/next/image#sizes @ http://localhost:3000/_next/static/chunks/20gk_next_dist_0zq9kua._.js:2489
[  946374ms] [LOG] [Fast Refresh] rebuilding @ http://localhost:3000/_next/static/chunks/20gk_next_dist_0zq9kua._.js:2489
[  946550ms] [LOG] [Fast Refresh] done in 276ms @ http://localhost:3000/_next/static/chunks/20gk_next_dist_0zq9kua._.js:2489
[  950799ms] [LOG] [Fast Refresh] rebuilding @ http://localhost:3000/_next/static/chunks/20gk_next_dist_0zq9kua._.js:2489
[  950991ms] [LOG] [Fast Refresh] done in 213ms @ http://localhost:3000/_next/static/chunks/20gk_next_dist_0zq9kua._.js:2489
[  951002ms] [WARNING] [Fast Refresh] performing full reload

Fast Refresh will perform a full reload when you edit a file that's imported by modules outside of the React rendering tree.
You might have a file which exports a React component but also exports a value that is imported by a non-React component file.
Consider migrating the non-React component export to a separate file and importing it into both files.

It is also possible the parent component of the component you edited is a class component, which disables Fast Refresh.
Fast Refresh requires at least one parent function component in your React tree. @ http://localhost:3000/_next/static/chunks/20gk_next_dist_0zq9kua._.js:2489
[  951122ms] [LOG] [Fast Refresh] rebuilding @ http://localhost:3000/_next/static/chunks/20gk_next_dist_0zq9kua._.js:2489
[  951328ms] [LOG] [Fast Refresh] done in 306ms @ http://localhost:3000/_next/static/chunks/20gk_next_dist_0zq9kua._.js:2489
[  951436ms] [LOG] [Fast Refresh] rebuilding @ http://localhost:3000/_next/static/chunks/20gk_next_dist_0zq9kua._.js:2489
[  951442ms] [LOG] [Fast Refresh] done in 108ms @ http://localhost:3000/_next/static/chunks/20gk_next_dist_0zq9kua._.js:2489
[  951968ms] [INFO] %cDownload the React DevTools for a better development experience: https://react.dev/link/react-devtools font-weight:bold @ http://localhost:3000/_next/static/chunks/20gk_next_dist_0zq9kua._.js:2489
[  952017ms] [LOG] [HMR] connected @ http://localhost:3000/_next/static/chunks/20gk_next_dist_0zq9kua._.js:2489
[  952296ms] [WARNING] Image with src "/image.png" has "fill" but is missing "sizes" prop. Please add it to improve page performance. Read more: https://nextjs.org/docs/api-reference/next/image#sizes @ http://localhost:3000/_next/static/chunks/20gk_next_dist_0zq9kua._.js:2489
[  952372ms] [WARNING] Image with src "/attr-slides.png" has "fill" but is missing "sizes" prop. Please add it to improve page performance. Read more: https://nextjs.org/docs/api-reference/next/image#sizes @ http://localhost:3000/_next/static/chunks/20gk_next_dist_0zq9kua._.js:2489
[  952496ms] [LOG] [Fast Refresh] rebuilding @ http://localhost:3000/_next/static/chunks/20gk_next_dist_0zq9kua._.js:2489
[  952578ms] [LOG] [Fast Refresh] done in 184ms @ http://localhost:3000/_next/static/chunks/20gk_next_dist_0zq9kua._.js:2489
[  954518ms] [LOG] [Fast Refresh] rebuilding @ http://localhost:3000/_next/static/chunks/20gk_next_dist_0zq9kua._.js:2489
[  954682ms] [LOG] [Fast Refresh] done in 55ms @ http://localhost:3000/_next/static/chunks/20gk_next_dist_0zq9kua._.js:2489
[  954712ms] [WARNING] [Fast Refresh] performing full reload

Fast Refresh will perform a full reload when you edit a file that's imported by modules outside of the React rendering tree.
You might have a file which exports a React component but also exports a value that is imported by a non-React component file.
Consider migrating the non-React component export to a separate file and importing it into both files.

It is also possible the parent component of the component you edited is a class component, which disables Fast Refresh.
Fast Refresh requires at least one parent function component in your React tree. @ http://localhost:3000/_next/static/chunks/20gk_next_dist_0zq9kua._.js:2489
[  954817ms] [LOG] [Fast Refresh] rebuilding @ http://localhost:3000/_next/static/chunks/20gk_next_dist_0zq9kua._.js:2489
[  954894ms] [LOG] [Fast Refresh] done in 179ms @ http://localhost:3000/_next/static/chunks/20gk_next_dist_0zq9kua._.js:2489
[  955580ms] [INFO] %cDownload the React DevTools for a better development experience: https://react.dev/link/react-devtools font-weight:bold @ http://localhost:3000/_next/static/chunks/20gk_next_dist_0zq9kua._.js:2489
[  955694ms] [LOG] [HMR] connected @ http://localhost:3000/_next/static/chunks/20gk_next_dist_0zq9kua._.js:2489
[  955908ms] [LOG] [Fast Refresh] rebuilding @ http://localhost:3000/_next/static/chunks/20gk_next_dist_0zq9kua._.js:2489
[  955929ms] [WARNING] Image with src "/image.png" has "fill" but is missing "sizes" prop. Please add it to improve page performance. Read more: https://nextjs.org/docs/api-reference/next/image#sizes @ http://localhost:3000/_next/static/chunks/20gk_next_dist_0zq9kua._.js:2489
[  955946ms] [WARNING] Image with src "/attr-slides.png" has "fill" but is missing "sizes" prop. Please add it to improve page performance. Read more: https://nextjs.org/docs/api-reference/next/image#sizes @ http://localhost:3000/_next/static/chunks/20gk_next_dist_0zq9kua._.js:2489
[  955949ms] [LOG] [Fast Refresh] done in 155ms @ http://localhost:3000/_next/static/chunks/20gk_next_dist_0zq9kua._.js:2489
[ 1018031ms] [LOG] [Fast Refresh] rebuilding @ http://localhost:3000/_next/static/chunks/20gk_next_dist_0zq9kua._.js:2489
[ 1018112ms] [LOG] [Fast Refresh] done in 138ms @ http://localhost:3000/_next/static/chunks/20gk_next_dist_0zq9kua._.js:2489
[ 1018117ms] [LOG] [Fast Refresh] rebuilding @ http://localhost:3000/_next/static/chunks/20gk_next_dist_0zq9kua._.js:2489
[ 1018159ms] [WARNING] [Fast Refresh] performing full reload

Fast Refresh will perform a full reload when you edit a file that's imported by modules outside of the React rendering tree.
You might have a file which exports a React component but also exports a value that is imported by a non-React component file.
Consider migrating the non-React component export to a separate file and importing it into both files.

It is also possible the parent component of the component you edited is a class component, which disables Fast Refresh.
Fast Refresh requires at least one parent function component in your React tree. @ http://localhost:3000/_next/static/chunks/20gk_next_dist_0zq9kua._.js:2489
[ 1018880ms] [WARNING] [Fast Refresh] performing full reload

Fast Refresh will perform a full reload when you edit a file that's imported by modules outside of the React rendering tree.
You might have a file which exports a React component but also exports a value that is imported by a non-React component file.
Consider migrating the non-React component export to a separate file and importing it into both files.

It is also possible the parent component of the component you edited is a class component, which disables Fast Refresh.
Fast Refresh requires at least one parent function component in your React tree. @ http://localhost:3000/_next/static/chunks/20gk_next_dist_0zq9kua._.js:2489
[ 1019142ms] [LOG] [Fast Refresh] done in 766ms @ http://localhost:3000/_next/static/chunks/20gk_next_dist_0zq9kua._.js:2489
[ 1019930ms] [INFO] %cDownload the React DevTools for a better development experience: https://react.dev/link/react-devtools font-weight:bold @ http://localhost:3000/_next/static/chunks/20gk_next_dist_0zq9kua._.js:2489
[ 1020091ms] [LOG] [HMR] connected @ http://localhost:3000/_next/static/chunks/20gk_next_dist_0zq9kua._.js:2489
[ 1020176ms] [WARNING] Image with src "/image.png" has "fill" but is missing "sizes" prop. Please add it to improve page performance. Read more: https://nextjs.org/docs/api-reference/next/image#sizes @ http://localhost:3000/_next/static/chunks/20gk_next_dist_0zq9kua._.js:2489
[ 1020192ms] [WARNING] Image with src "/attr-slides.png" has "fill" but is missing "sizes" prop. Please add it to improve page performance. Read more: https://nextjs.org/docs/api-reference/next/image#sizes @ http://localhost:3000/_next/static/chunks/20gk_next_dist_0zq9kua._.js:2489
[ 1270840ms] [LOG] [Fast Refresh] rebuilding @ http://localhost:3000/_next/static/chunks/20gk_next_dist_0zq9kua._.js:2489
[ 1271325ms] [LOG] [Fast Refresh] done in 585ms @ http://localhost:3000/_next/static/chunks/20gk_next_dist_0zq9kua._.js:2489
[ 1275326ms] [LOG] [Fast Refresh] rebuilding @ http://localhost:3000/_next/static/chunks/20gk_next_dist_0zq9kua._.js:2489
[ 1275332ms] [LOG] [Fast Refresh] done in 107ms @ http://localhost:3000/_next/static/chunks/20gk_next_dist_0zq9kua._.js:2489
[ 1288649ms] [LOG] [Fast Refresh] rebuilding @ http://localhost:3000/_next/static/chunks/20gk_next_dist_0zq9kua._.js:2489
[ 1288715ms] [LOG] [Fast Refresh] done in 167ms @ http://localhost:3000/_next/static/chunks/20gk_next_dist_0zq9kua._.js:2489
[ 1680296ms] [LOG] [Fast Refresh] rebuilding @ http://localhost:3000/_next/static/chunks/20gk_next_dist_0zq9kua._.js:2489
[ 1680549ms] [LOG] [Fast Refresh] done in 332ms @ http://localhost:3000/_next/static/chunks/20gk_next_dist_0zq9kua._.js:2489
[ 1680576ms] [WARNING] [Fast Refresh] performing full reload

Fast Refresh will perform a full reload when you edit a file that's imported by modules outside of the React rendering tree.
You might have a file which exports a React component but also exports a value that is imported by a non-React component file.
Consider migrating the non-React component export to a separate file and importing it into both files.

It is also possible the parent component of the component you edited is a class component, which disables Fast Refresh.
Fast Refresh requires at least one parent function component in your React tree. @ http://localhost:3000/_next/static/chunks/20gk_next_dist_0zq9kua._.js:2489
[ 1680714ms] [LOG] [Fast Refresh] rebuilding @ http://localhost:3000/_next/static/chunks/20gk_next_dist_0zq9kua._.js:2489
[ 1680770ms] [LOG] [Fast Refresh] done in 158ms @ http://localhost:3000/_next/static/chunks/20gk_next_dist_0zq9kua._.js:2489
[ 1681027ms] [LOG] [Fast Refresh] rebuilding @ http://localhost:3000/_next/static/chunks/20gk_next_dist_0zq9kua._.js:2489
[ 1681041ms] [LOG] [Fast Refresh] done in 115ms @ http://localhost:3000/_next/static/chunks/20gk_next_dist_0zq9kua._.js:2489
[ 1681743ms] [INFO] %cDownload the React DevTools for a better development experience: https://react.dev/link/react-devtools font-weight:bold @ http://localhost:3000/_next/static/chunks/20gk_next_dist_0zq9kua._.js:2489
[ 1681880ms] [LOG] [HMR] connected @ http://localhost:3000/_next/static/chunks/20gk_next_dist_0zq9kua._.js:2489
[ 1682071ms] [WARNING] Image with src "/image.png" has "fill" but is missing "sizes" prop. Please add it to improve page performance. Read more: https://nextjs.org/docs/api-reference/next/image#sizes @ http://localhost:3000/_next/static/chunks/20gk_next_dist_0zq9kua._.js:2489
[ 1682092ms] [WARNING] Image with src "/attr-slides.png" has "fill" but is missing "sizes" prop. Please add it to improve page performance. Read more: https://nextjs.org/docs/api-reference/next/image#sizes @ http://localhost:3000/_next/static/chunks/20gk_next_dist_0zq9kua._.js:2489
[ 2272741ms] [LOG] [Fast Refresh] rebuilding @ http://localhost:3000/_next/static/chunks/20gk_next_dist_0zq9kua._.js:2489
[ 2272937ms] [LOG] [Fast Refresh] done in 133ms @ http://localhost:3000/_next/static/chunks/20gk_next_dist_0zq9kua._.js:2489
[ 2273053ms] [WARNING] [Fast Refresh] performing full reload

Fast Refresh will perform a full reload when you edit a file that's imported by modules outside of the React rendering tree.
You might have a file which exports a React component but also exports a value that is imported by a non-React component file.
Consider migrating the non-React component export to a separate file and importing it into both files.

It is also possible the parent component of the component you edited is a class component, which disables Fast Refresh.
Fast Refresh requires at least one parent function component in your React tree. @ http://localhost:3000/_next/static/chunks/20gk_next_dist_0zq9kua._.js:2489
[ 2273264ms] [LOG] [Fast Refresh] rebuilding @ http://localhost:3000/_next/static/chunks/20gk_next_dist_0zq9kua._.js:2489
[ 2273389ms] [LOG] [Fast Refresh] done in 227ms @ http://localhost:3000/_next/static/chunks/20gk_next_dist_0zq9kua._.js:2489
[ 2273668ms] [LOG] [Fast Refresh] rebuilding @ http://localhost:3000/_next/static/chunks/20gk_next_dist_0zq9kua._.js:2489
[ 2273756ms] [LOG] [Fast Refresh] done in 188ms @ http://localhost:3000/_next/static/chunks/20gk_next_dist_0zq9kua._.js:2489
[ 2273984ms] [LOG] [Fast Refresh] rebuilding @ http://localhost:3000/_next/static/chunks/20gk_next_dist_0zq9kua._.js:2489
[ 2273999ms] [LOG] [Fast Refresh] done in 115ms @ http://localhost:3000/_next/static/chunks/20gk_next_dist_0zq9kua._.js:2489
[ 2274395ms] [INFO] %cDownload the React DevTools for a better development experience: https://react.dev/link/react-devtools font-weight:bold @ http://localhost:3000/_next/static/chunks/20gk_next_dist_0zq9kua._.js:2489
[ 2274717ms] [LOG] [HMR] connected @ http://localhost:3000/_next/static/chunks/20gk_next_dist_0zq9kua._.js:2489
[ 2275213ms] [WARNING] Image with src "/image.png" has "fill" but is missing "sizes" prop. Please add it to improve page performance. Read more: https://nextjs.org/docs/api-reference/next/image#sizes @ http://localhost:3000/_next/static/chunks/20gk_next_dist_0zq9kua._.js:2489
[ 2275254ms] [WARNING] Image with src "/attr-slides.png" has "fill" but is missing "sizes" prop. Please add it to improve page performance. Read more: https://nextjs.org/docs/api-reference/next/image#sizes @ http://localhost:3000/_next/static/chunks/20gk_next_dist_0zq9kua._.js:2489
[ 2275314ms] [ERROR] Failed to load resource: net::ERR_CONNECTION_REFUSED @ http://localhost:3000/_next/static/chunks/%5Bturbopack%5D_browser_dev_hmr-client_hmr-client_ts_1mojsay._.js:0
[ 2275314ms] [ERROR] Failed to load resource: net::ERR_CONNECTION_REFUSED @ http://localhost:3000/_next/static/chunks/%5Bturbopack%5D_browser_dev_hmr-client_hmr-client_ts_0u0_g13._.js:0
[ 2275412ms] ChunkLoadError: Failed to load chunk /_next/static/chunks/%5Bturbopack%5D_browser_dev_hmr-client_hmr-client_ts_1mojsay._.js from module [turbopack]/browser/dev/hmr-client/hmr-client.ts [app-client] (ecmascript, async loader)
    at http://localhost:3000/_next/static/chunks/turbopack-Desktop_aqua_165z_ig._.js:698:25
    at async Promise.all (index 0)
[ 2275396ms] [ERROR] Failed to load resource: net::ERR_CONNECTION_REFUSED @ http://localhost:3000/__nextjs_original-stack-frames:0
[ 2275399ms] [ERROR] Failed to load resource: net::ERR_CONNECTION_REFUSED @ http://localhost:3000/favicon.ico?favicon.2vob68tjqpejf.ico:0
[ 2276336ms] [ERROR] WebSocket connection to 'ws://localhost:3000/_next/webpack-hmr?id=970G7uuNVtu5QqpUXLP6H' failed: Error in connection establishment: net::ERR_CONNECTION_REFUSED @ http://localhost:3000/_next/static/chunks/20gk_next_dist_client_1xwm0v_._.js:13422
[ 2277665ms] [LOG] [HMR] connected @ http://localhost:3000/_next/static/chunks/20gk_next_dist_0zq9kua._.js:2489
[ 2278349ms] [INFO] %cDownload the React DevTools for a better development experience: https://react.dev/link/react-devtools font-weight:bold @ http://localhost:3000/_next/static/chunks/20gk_next_dist_0zq9kua._.js:2489
[ 2278399ms] [LOG] [HMR] connected @ http://localhost:3000/_next/static/chunks/20gk_next_dist_0zq9kua._.js:2489
[ 2278650ms] [WARNING] Image with src "/image.png" has "fill" but is missing "sizes" prop. Please add it to improve page performance. Read more: https://nextjs.org/docs/api-reference/next/image#sizes @ http://localhost:3000/_next/static/chunks/20gk_next_dist_0zq9kua._.js:2489
[ 2278663ms] [WARNING] Image with src "/attr-slides.png" has "fill" but is missing "sizes" prop. Please add it to improve page performance. Read more: https://nextjs.org/docs/api-reference/next/image#sizes @ http://localhost:3000/_next/static/chunks/20gk_next_dist_0zq9kua._.js:2489
[ 2358342ms] [LOG] [Fast Refresh] rebuilding @ http://localhost:3000/_next/static/chunks/20gk_next_dist_0zq9kua._.js:2489
[ 2358939ms] [LOG] [Fast Refresh] done in 677ms @ http://localhost:3000/_next/static/chunks/20gk_next_dist_0zq9kua._.js:2489
[ 2398931ms] [LOG] [Fast Refresh] rebuilding @ http://localhost:3000/_next/static/chunks/20gk_next_dist_0zq9kua._.js:2489
[ 2399189ms] [LOG] [Fast Refresh] done in 70ms @ http://localhost:3000/_next/static/chunks/20gk_next_dist_0zq9kua._.js:2489
[ 2399198ms] [WARNING] [Fast Refresh] performing full reload

Fast Refresh will perform a full reload when you edit a file that's imported by modules outside of the React rendering tree.
You might have a file which exports a React component but also exports a value that is imported by a non-React component file.
Consider migrating the non-React component export to a separate file and importing it into both files.

It is also possible the parent component of the component you edited is a class component, which disables Fast Refresh.
Fast Refresh requires at least one parent function component in your React tree. @ http://localhost:3000/_next/static/chunks/20gk_next_dist_0zq9kua._.js:2489
[ 2399595ms] [LOG] [Fast Refresh] rebuilding @ http://localhost:3000/_next/static/chunks/20gk_next_dist_0zq9kua._.js:2489
[ 2399610ms] [LOG] [Fast Refresh] done in 116ms @ http://localhost:3000/_next/static/chunks/20gk_next_dist_0zq9kua._.js:2489
[ 2400442ms] [INFO] %cDownload the React DevTools for a better development experience: https://react.dev/link/react-devtools font-weight:bold @ http://localhost:3000/_next/static/chunks/20gk_next_dist_0zq9kua._.js:2489
[ 2400566ms] [LOG] [HMR] connected @ http://localhost:3000/_next/static/chunks/20gk_next_dist_0zq9kua._.js:2489
[ 2400789ms] [LOG] [Fast Refresh] rebuilding @ http://localhost:3000/_next/static/chunks/20gk_next_dist_0zq9kua._.js:2489
[ 2400835ms] [WARNING] Image with src "/image.png" has "fill" but is missing "sizes" prop. Please add it to improve page performance. Read more: https://nextjs.org/docs/api-reference/next/image#sizes @ http://localhost:3000/_next/static/chunks/20gk_next_dist_0zq9kua._.js:2489
[ 2400847ms] [LOG] [Fast Refresh] done in 168ms @ http://localhost:3000/_next/static/chunks/20gk_next_dist_0zq9kua._.js:2489
[ 2400883ms] [WARNING] Image with src "/attr-slides.png" has "fill" but is missing "sizes" prop. Please add it to improve page performance. Read more: https://nextjs.org/docs/api-reference/next/image#sizes @ http://localhost:3000/_next/static/chunks/20gk_next_dist_0zq9kua._.js:2489
[ 2440536ms] [LOG] [Fast Refresh] rebuilding @ http://localhost:3000/_next/static/chunks/20gk_next_dist_0zq9kua._.js:2489
[ 2440710ms] [WARNING] [Fast Refresh] performing full reload

Fast Refresh will perform a full reload when you edit a file that's imported by modules outside of the React rendering tree.
You might have a file which exports a React component but also exports a value that is imported by a non-React component file.
Consider migrating the non-React component export to a separate file and importing it into both files.

It is also possible the parent component of the component you edited is a class component, which disables Fast Refresh.
Fast Refresh requires at least one parent function component in your React tree. @ http://localhost:3000/_next/static/chunks/20gk_next_dist_0zq9kua._.js:2489
[ 2440712ms] [LOG] [Fast Refresh] done in 181ms @ http://localhost:3000/_next/static/chunks/20gk_next_dist_0zq9kua._.js:2489
[ 2440721ms] [WARNING] [Fast Refresh] performing full reload

Fast Refresh will perform a full reload when you edit a file that's imported by modules outside of the React rendering tree.
You might have a file which exports a React component but also exports a value that is imported by a non-React component file.
Consider migrating the non-React component export to a separate file and importing it into both files.

It is also possible the parent component of the component you edited is a class component, which disables Fast Refresh.
Fast Refresh requires at least one parent function component in your React tree. @ http://localhost:3000/_next/static/chunks/20gk_next_dist_0zq9kua._.js:2489
[ 2441001ms] [LOG] [Fast Refresh] rebuilding @ http://localhost:3000/_next/static/chunks/20gk_next_dist_0zq9kua._.js:2489
[ 2441094ms] [LOG] [Fast Refresh] done in 197ms @ http://localhost:3000/_next/static/chunks/20gk_next_dist_0zq9kua._.js:2489
[ 2441649ms] [INFO] %cDownload the React DevTools for a better development experience: https://react.dev/link/react-devtools font-weight:bold @ http://localhost:3000/_next/static/chunks/20gk_next_dist_0zq9kua._.js:2489
[ 2441802ms] [LOG] [HMR] connected @ http://localhost:3000/_next/static/chunks/20gk_next_dist_0zq9kua._.js:2489
[ 2441914ms] [LOG] [Fast Refresh] rebuilding @ http://localhost:3000/_next/static/chunks/20gk_next_dist_0zq9kua._.js:2489
[ 2441954ms] Error: Internal Next.js error: Router action dispatched before initialization.
    at dispatchAppRouterAction (http://localhost:3000/_next/static/chunks/20gk_next_dist_client_1xwm0v_._.js:916:37)
    at http://localhost:3000/_next/static/chunks/20gk_next_dist_client_1xwm0v_._.js:11923:61
    at startTransition (http://localhost:3000/_next/static/chunks/20gk_next_dist_compiled_18o09lx._.js:1279:31)
    at Object.hmrRefresh (http://localhost:3000/_next/static/chunks/20gk_next_dist_client_1xwm0v_._.js:11922:40)
    at http://localhost:3000/_next/static/chunks/20gk_next_dist_client_1xwm0v_._.js:14090:64
    at startTransition (http://localhost:3000/_next/static/chunks/20gk_next_dist_compiled_18o09lx._.js:1279:31)
    at processMessage (http://localhost:3000/_next/static/chunks/20gk_next_dist_client_1xwm0v_._.js:14089:44)
    at WebSocket.handleMessage (http://localhost:3000/_next/static/chunks/20gk_next_dist_client_1xwm0v_._.js:13458:52)
[ 2442003ms] [ERROR] Can't perform a React state update on a component that hasn't mounted yet. This indicates that you have a side-effect in your render function that asynchronously tries to update the component. Move this work to useEffect instead. @ http://localhost:3000/_next/static/chunks/20gk_next_dist_0zq9kua._.js:3330
[ 2442404ms] [LOG] [Fast Refresh] done in 190ms @ http://localhost:3000/_next/static/chunks/20gk_next_dist_0zq9kua._.js:2489
[ 2442813ms] [WARNING] Image with src "/image.png" has "fill" but is missing "sizes" prop. Please add it to improve page performance. Read more: https://nextjs.org/docs/api-reference/next/image#sizes @ http://localhost:3000/_next/static/chunks/20gk_next_dist_0zq9kua._.js:2489
[ 2442829ms] [WARNING] Image with src "/attr-slides.png" has "fill" but is missing "sizes" prop. Please add it to improve page performance. Read more: https://nextjs.org/docs/api-reference/next/image#sizes @ http://localhost:3000/_next/static/chunks/20gk_next_dist_0zq9kua._.js:2489
[ 2623366ms] [LOG] [Fast Refresh] rebuilding @ http://localhost:3000/_next/static/chunks/20gk_next_dist_0zq9kua._.js:2489
[ 2623603ms] [LOG] [Fast Refresh] done in 316ms @ http://localhost:3000/_next/static/chunks/20gk_next_dist_0zq9kua._.js:2489
[ 2623741ms] [LOG] [Fast Refresh] rebuilding @ http://localhost:3000/_next/static/chunks/20gk_next_dist_0zq9kua._.js:2489
[ 2623821ms] [LOG] [Fast Refresh] done in 184ms @ http://localhost:3000/_next/static/chunks/20gk_next_dist_0zq9kua._.js:2489
[ 2637377ms] [LOG] [Fast Refresh] rebuilding @ http://localhost:3000/_next/static/chunks/20gk_next_dist_0zq9kua._.js:2489
[ 2637387ms] [LOG] [Fast Refresh] done in 95ms @ http://localhost:3000/_next/static/chunks/20gk_next_dist_0zq9kua._.js:2489
[ 2670436ms] [LOG] [Fast Refresh] rebuilding @ http://localhost:3000/_next/static/chunks/20gk_next_dist_0zq9kua._.js:2489
[ 2670446ms] [LOG] [Fast Refresh] done in 96ms @ http://localhost:3000/_next/static/chunks/20gk_next_dist_0zq9kua._.js:2489
[ 2676391ms] [LOG] [Fast Refresh] rebuilding @ http://localhost:3000/_next/static/chunks/20gk_next_dist_0zq9kua._.js:2489
[ 2676412ms] [LOG] [Fast Refresh] done in 60ms @ http://localhost:3000/_next/static/chunks/20gk_next_dist_0zq9kua._.js:2489
[ 2708749ms] [LOG] [Fast Refresh] rebuilding @ http://localhost:3000/_next/static/chunks/20gk_next_dist_0zq9kua._.js:2489
[ 2708759ms] [LOG] [Fast Refresh] done in 75ms @ http://localhost:3000/_next/static/chunks/20gk_next_dist_0zq9kua._.js:2489
[ 2770688ms] [LOG] [Fast Refresh] rebuilding @ http://localhost:3000/_next/static/chunks/20gk_next_dist_0zq9kua._.js:2489
[ 2770735ms] [LOG] [Fast Refresh] done in 75ms @ http://localhost:3000/_next/static/chunks/20gk_next_dist_0zq9kua._.js:2489
[ 2770850ms] [LOG] [Fast Refresh] rebuilding @ http://localhost:3000/_next/static/chunks/20gk_next_dist_0zq9kua._.js:2489
[ 2770950ms] [LOG] [Fast Refresh] done in 72ms @ http://localhost:3000/_next/static/chunks/20gk_next_dist_0zq9kua._.js:2489
[ 2828228ms] [LOG] [Fast Refresh] rebuilding @ http://localhost:3000/_next/static/chunks/20gk_next_dist_0zq9kua._.js:2489
[ 2830402ms] [ERROR] ./Desktop/aqua/src/components/layout/Footer.tsx:2:1
Export Instagram doesn't exist in target module
  1 | import Image from "next/image";
> 2 | import { Instagram } from "lucide-react";
    | ^^^^^^^^^^^^^^^^^^^^^^^^^^^^^^^^^^^^^^^^^
  3 |
  4 | export default function Footer() {
  5 |   const socialLinks = [

The export Instagram was not found in module [project]/Desktop/aqua/node_modules/lucide-react/dist/esm/lucide-react.mjs [app-rsc] (ecmascript).
Did you mean to import Star?
All exports of the module are statically known (It doesn't have dynamic exports). So it's known statically that the requested export doesn't exist.

Import trace:
  Server Component:
    ./Desktop/aqua/src/components/layout/Footer.tsx
    ./Desktop/aqua/src/app/page.tsx @ http://localhost:3000/_next/static/chunks/20gk_next_dist_0zq9kua._.js:3330
[ 2830424ms] [ERROR] Failed to load resource: the server responded with a status of 500 (Internal Server Error) @ http://localhost:3000/?_rsc=q3mOO9BClNZHexY7:0
[ 2830579ms] [LOG] [Fast Refresh] rebuilding @ http://localhost:3000/_next/static/chunks/20gk_next_dist_0zq9kua._.js:2489
[ 2830936ms] [ERROR] ./Desktop/aqua/src/components/layout/Footer.tsx:2:1
Export Instagram doesn't exist in target module
  1 | import Image from "next/image";
> 2 | import { Instagram } from "lucide-react";
    | ^^^^^^^^^^^^^^^^^^^^^^^^^^^^^^^^^^^^^^^^^
  3 |
  4 | export default function Footer() {
  5 |   const socialLinks = [

The export Instagram was not found in module [project]/Desktop/aqua/node_modules/lucide-react/dist/esm/lucide-react.mjs [app-rsc] (ecmascript).
Did you mean to import Star?
All exports of the module are statically known (It doesn't have dynamic exports). So it's known statically that the requested export doesn't exist.

Import trace:
  Server Component:
    ./Desktop/aqua/src/components/layout/Footer.tsx
    ./Desktop/aqua/src/app/page.tsx @ http://localhost:3000/_next/static/chunks/20gk_next_dist_0zq9kua._.js:3330
[ 2830977ms] [ERROR] ./Desktop/aqua/src/components/layout/Footer.tsx:2:1
Export Instagram doesn't exist in target module
  1 | import Image from "next/image";
> 2 | import { Instagram } from "lucide-react";
    | ^^^^^^^^^^^^^^^^^^^^^^^^^^^^^^^^^^^^^^^^^
  3 |
  4 | export default function Footer() {
  5 |   const socialLinks = [

The export Instagram was not found in module [project]/Desktop/aqua/node_modules/lucide-react/dist/esm/lucide-react.mjs [app-rsc] (ecmascript).
Did you mean to import Star?
All exports of the module are statically known (It doesn't have dynamic exports). So it's known statically that the requested export doesn't exist.

Import trace:
  Server Component:
    ./Desktop/aqua/src/components/layout/Footer.tsx
    ./Desktop/aqua/src/app/page.tsx @ http://localhost:3000/_next/static/chunks/20gk_next_dist_0zq9kua._.js:3330
[ 2830996ms] [ERROR] ./Desktop/aqua/src/components/layout/Footer.tsx:2:1
Export Instagram doesn't exist in target module
  1 | import Image from "next/image";
> 2 | import { Instagram } from "lucide-react";
    | ^^^^^^^^^^^^^^^^^^^^^^^^^^^^^^^^^^^^^^^^^
  3 |
  4 | export default function Footer() {
  5 |   const socialLinks = [

The export Instagram was not found in module [project]/Desktop/aqua/node_modules/lucide-react/dist/esm/lucide-react.mjs [app-rsc] (ecmascript).
Did you mean to import Star?
All exports of the module are statically known (It doesn't have dynamic exports). So it's known statically that the requested export doesn't exist.

Import trace:
  Server Component:
    ./Desktop/aqua/src/components/layout/Footer.tsx
    ./Desktop/aqua/src/app/page.tsx @ http://localhost:3000/_next/static/chunks/20gk_next_dist_0zq9kua._.js:3330
[ 2831108ms] [LOG] [Fast Refresh] rebuilding @ http://localhost:3000/_next/static/chunks/20gk_next_dist_0zq9kua._.js:2489
[ 2831136ms] [ERROR] Failed to load resource: the server responded with a status of 500 (Internal Server Error) @ http://localhost:3000/?_rsc=q3mOO9BClNZHexY7:0
[ 2831250ms] [ERROR] ./Desktop/aqua/src/components/layout/Footer.tsx:2:1
Export Instagram doesn't exist in target module
  1 | import Image from "next/image";
> 2 | import { Instagram } from "lucide-react";
    | ^^^^^^^^^^^^^^^^^^^^^^^^^^^^^^^^^^^^^^^^^
  3 |
  4 | export default function Footer() {
  5 |   const socialLinks = [

The export Instagram was not found in module [project]/Desktop/aqua/node_modules/lucide-react/dist/esm/lucide-react.mjs [app-rsc] (ecmascript).
Did you mean to import Star?
All exports of the module are statically known (It doesn't have dynamic exports). So it's known statically that the requested export doesn't exist.

Import trace:
  Server Component:
    ./Desktop/aqua/src/components/layout/Footer.tsx
    ./Desktop/aqua/src/app/page.tsx @ http://localhost:3000/_next/static/chunks/20gk_next_dist_0zq9kua._.js:3330
[ 2831264ms] [ERROR] Failed to load resource: the server responded with a status of 500 (Internal Server Error) @ http://localhost:3000/:0
[ 2831590ms] [INFO] %cDownload the React DevTools for a better development experience: https://react.dev/link/react-devtools font-weight:bold @ http://localhost:3000/_next/static/chunks/20gk_react-dom_09vwelp._.js:15305
[ 2831641ms] Error: ./Desktop/aqua/src/components/layout/Footer.tsx:2:1
Export Instagram doesn't exist in target module
  1 | import Image from "next/image";
> 2 | import { Instagram } from "lucide-react";
    | ^^^^^^^^^^^^^^^^^^^^^^^^^^^^^^^^^^^^^^^^^
  3 |
  4 | export default function Footer() {
  5 |   const socialLinks = [

The export Instagram was not found in module [project]/Desktop/aqua/node_modules/lucide-react/dist/esm/lucide-react.mjs [app-rsc] (ecmascript).
Did you mean to import Star?
All exports of the module are statically known (It doesn't have dynamic exports). So it's known statically that the requested export doesn't exist.

Import trace:
  Server Component:
    ./Desktop/aqua/src/components/layout/Footer.tsx
    ./Desktop/aqua/src/app/page.tsx


    at <unknown> (Error: ./Desktop/aqua/src/components/layout/Footer.tsx:2:1)
    at Object.getCompilationErrors (file:///Users/smitpatel/Desktop/aqua/node_modules/next/dist/server/dev/hot-reloader-turbopack.js:1186:59)
    at DevBundlerService.getCompilationError (file:///Users/smitpatel/Desktop/aqua/node_modules/next/dist/server/lib/dev-bundler-service.js:44:55)
    at DevServer.getCompilationError (file:///Users/smitpatel/Desktop/aqua/node_modules/next/dist/server/dev/next-dev-server.js:720:42)
    at DevServer.findPageComponents (file:///Users/smitpatel/Desktop/aqua/node_modules/next/dist/server/dev/next-dev-server.js:690:43)
    at async DevServer.renderErrorToResponseImpl (file:///Users/smitpatel/Desktop/aqua/node_modules/next/dist/server/base-server.js:1753:26)
[ 2831658ms] [LOG] [HMR] connected @ http://localhost:3000/_next/static/chunks/20gk_next_dist_18aegbi._.js:1226
[ 2831727ms] [ERROR] ./Desktop/aqua/src/components/layout/Footer.tsx:2:1
Export Instagram doesn't exist in target module
  1 | import Image from "next/image";
> 2 | import { Instagram } from "lucide-react";
    | ^^^^^^^^^^^^^^^^^^^^^^^^^^^^^^^^^^^^^^^^^
  3 |
  4 | export default function Footer() {
  5 |   const socialLinks = [

The export Instagram was not found in module [project]/Desktop/aqua/node_modules/lucide-react/dist/esm/lucide-react.mjs [app-rsc] (ecmascript).
Did you mean to import Star?
All exports of the module are statically known (It doesn't have dynamic exports). So it's known statically that the requested export doesn't exist.

Import trace:
  Server Component:
    ./Desktop/aqua/src/components/layout/Footer.tsx
    ./Desktop/aqua/src/app/page.tsx @ http://localhost:3000/_next/static/chunks/20gk_next_dist_18aegbi._.js:1945
[ 2831734ms] [ERROR] ./Desktop/aqua/src/components/layout/Footer.tsx:2:1
Export Instagram doesn't exist in target module
  1 | import Image from "next/image";
> 2 | import { Instagram } from "lucide-react";
    | ^^^^^^^^^^^^^^^^^^^^^^^^^^^^^^^^^^^^^^^^^
  3 |
  4 | export default function Footer() {
  5 |   const socialLinks = [

The export Instagram was not found in module [project]/Desktop/aqua/node_modules/lucide-react/dist/esm/lucide-react.mjs [app-rsc] (ecmascript).
Did you mean to import Star?
All exports of the module are statically known (It doesn't have dynamic exports). So it's known statically that the requested export doesn't exist.

Import trace:
  Server Component:
    ./Desktop/aqua/src/components/layout/Footer.tsx
    ./Desktop/aqua/src/app/page.tsx @ http://localhost:3000/_next/static/chunks/20gk_next_dist_18aegbi._.js:1945
[ 2831830ms] [LOG] [Fast Refresh] rebuilding @ http://localhost:3000/_next/static/chunks/20gk_next_dist_18aegbi._.js:1226
[ 2831849ms] [ERROR] ./Desktop/aqua/src/components/layout/Footer.tsx:2:1
Export Instagram doesn't exist in target module
  1 | import Image from "next/image";
> 2 | import { Instagram } from "lucide-react";
    | ^^^^^^^^^^^^^^^^^^^^^^^^^^^^^^^^^^^^^^^^^
  3 |
  4 | export default function Footer() {
  5 |   const socialLinks = [

The export Instagram was not found in module [project]/Desktop/aqua/node_modules/lucide-react/dist/esm/lucide-react.mjs [app-rsc] (ecmascript).
Did you mean to import Star?
All exports of the module are statically known (It doesn't have dynamic exports). So it's known statically that the requested export doesn't exist.

Import trace:
  Server Component:
    ./Desktop/aqua/src/components/layout/Footer.tsx
    ./Desktop/aqua/src/app/page.tsx @ http://localhost:3000/_next/static/chunks/20gk_next_dist_18aegbi._.js:1945
[ 2884604ms] [LOG] [Fast Refresh] rebuilding @ http://localhost:3000/_next/static/chunks/20gk_next_dist_18aegbi._.js:1226
[ 2885236ms] [LOG] [Fast Refresh] done in 258ms @ http://localhost:3000/_next/static/chunks/20gk_next_dist_18aegbi._.js:1226
[ 2885955ms] [LOG] [Fast Refresh] rebuilding @ http://localhost:3000/_next/static/chunks/20gk_next_dist_18aegbi._.js:1226
[ 2886051ms] [LOG] [Fast Refresh] done in 197ms @ http://localhost:3000/_next/static/chunks/20gk_next_dist_18aegbi._.js:1226
[ 2886558ms] [INFO] %cDownload the React DevTools for a better development experience: https://react.dev/link/react-devtools font-weight:bold @ http://localhost:3000/_next/static/chunks/20gk_next_dist_0zq9kua._.js:2489
[ 2886665ms] [LOG] [HMR] connected @ http://localhost:3000/_next/static/chunks/20gk_next_dist_0zq9kua._.js:2489
[ 2886909ms] [LOG] [Fast Refresh] rebuilding @ http://localhost:3000/_next/static/chunks/20gk_next_dist_0zq9kua._.js:2489
[ 2886957ms] [LOG] [Fast Refresh] done in 153ms @ http://localhost:3000/_next/static/chunks/20gk_next_dist_0zq9kua._.js:2489
[ 2887015ms] [WARNING] Image with src "/image.png" has "fill" but is missing "sizes" prop. Please add it to improve page performance. Read more: https://nextjs.org/docs/api-reference/next/image#sizes @ http://localhost:3000/_next/static/chunks/20gk_next_dist_0zq9kua._.js:2489
[ 3275107ms] [LOG] [Fast Refresh] rebuilding @ http://localhost:3000/_next/static/chunks/20gk_next_dist_0zq9kua._.js:2489
[ 3275305ms] [LOG] [Fast Refresh] done in 83ms @ http://localhost:3000/_next/static/chunks/20gk_next_dist_0zq9kua._.js:2489
[ 3275330ms] [WARNING] [Fast Refresh] performing full reload

Fast Refresh will perform a full reload when you edit a file that's imported by modules outside of the React rendering tree.
You might have a file which exports a React component but also exports a value that is imported by a non-React component file.
Consider migrating the non-React component export to a separate file and importing it into both files.

It is also possible the parent component of the component you edited is a class component, which disables Fast Refresh.
Fast Refresh requires at least one parent function component in your React tree. @ http://localhost:3000/_next/static/chunks/20gk_next_dist_0zq9kua._.js:2489
[ 3276044ms] [INFO] %cDownload the React DevTools for a better development experience: https://react.dev/link/react-devtools font-weight:bold @ http://localhost:3000/_next/static/chunks/20gk_next_dist_0zq9kua._.js:2489
[ 3276087ms] [LOG] [HMR] connected @ http://localhost:3000/_next/static/chunks/20gk_next_dist_0zq9kua._.js:2489
[ 3276218ms] [WARNING] Image with src "/image.png" has "fill" but is missing "sizes" prop. Please add it to improve page performance. Read more: https://nextjs.org/docs/api-reference/next/image#sizes @ http://localhost:3000/_next/static/chunks/20gk_next_dist_0zq9kua._.js:2489
[ 3276360ms] [LOG] [Fast Refresh] rebuilding @ http://localhost:3000/_next/static/chunks/20gk_next_dist_0zq9kua._.js:2489
[ 3276423ms] [LOG] [Fast Refresh] done in 165ms @ http://localhost:3000/_next/static/chunks/20gk_next_dist_0zq9kua._.js:2489
[ 3283962ms] [LOG] [Fast Refresh] rebuilding @ http://localhost:3000/_next/static/chunks/20gk_next_dist_0zq9kua._.js:2489
[ 3284097ms] [LOG] [Fast Refresh] done in 146ms @ http://localhost:3000/_next/static/chunks/20gk_next_dist_0zq9kua._.js:2489
[ 3284105ms] [WARNING] [Fast Refresh] performing full reload

Fast Refresh will perform a full reload when you edit a file that's imported by modules outside of the React rendering tree.
You might have a file which exports a React component but also exports a value that is imported by a non-React component file.
Consider migrating the non-React component export to a separate file and importing it into both files.

It is also possible the parent component of the component you edited is a class component, which disables Fast Refresh.
Fast Refresh requires at least one parent function component in your React tree. @ http://localhost:3000/_next/static/chunks/20gk_next_dist_0zq9kua._.js:2489
[ 3284637ms] [INFO] %cDownload the React DevTools for a better development experience: https://react.dev/link/react-devtools font-weight:bold @ http://localhost:3000/_next/static/chunks/20gk_next_dist_0zq9kua._.js:2489
[ 3284702ms] [LOG] [HMR] connected @ http://localhost:3000/_next/static/chunks/20gk_next_dist_0zq9kua._.js:2489
[ 3284814ms] [WARNING] Image with src "/image.png" has "fill" but is missing "sizes" prop. Please add it to improve page performance. Read more: https://nextjs.org/docs/api-reference/next/image#sizes @ http://localhost:3000/_next/static/chunks/20gk_next_dist_0zq9kua._.js:2489
[ 3285017ms] [LOG] [Fast Refresh] rebuilding @ http://localhost:3000/_next/static/chunks/20gk_next_dist_0zq9kua._.js:2489
[ 3285167ms] [LOG] [Fast Refresh] done in 159ms @ http://localhost:3000/_next/static/chunks/20gk_next_dist_0zq9kua._.js:2489
[ 3285272ms] [WARNING] [Fast Refresh] performing full reload

Fast Refresh will perform a full reload when you edit a file that's imported by modules outside of the React rendering tree.
You might have a file which exports a React component but also exports a value that is imported by a non-React component file.
Consider migrating the non-React component export to a separate file and importing it into both files.

It is also possible the parent component of the component you edited is a class component, which disables Fast Refresh.
Fast Refresh requires at least one parent function component in your React tree. @ http://localhost:3000/_next/static/chunks/20gk_next_dist_0zq9kua._.js:2489
[ 3285384ms] [LOG] [Fast Refresh] rebuilding @ http://localhost:3000/_next/static/chunks/20gk_next_dist_0zq9kua._.js:2489
[ 3285452ms] [LOG] [Fast Refresh] done in 168ms @ http://localhost:3000/_next/static/chunks/20gk_next_dist_0zq9kua._.js:2489
[ 3285946ms] [INFO] %cDownload the React DevTools for a better development experience: https://react.dev/link/react-devtools font-weight:bold @ http://localhost:3000/_next/static/chunks/20gk_next_dist_0zq9kua._.js:2489
[ 3285974ms] [LOG] [HMR] connected @ http://localhost:3000/_next/static/chunks/20gk_next_dist_0zq9kua._.js:2489
[ 3286141ms] [WARNING] Image with src "/image.png" has "fill" but is missing "sizes" prop. Please add it to improve page performance. Read more: https://nextjs.org/docs/api-reference/next/image#sizes @ http://localhost:3000/_next/static/chunks/20gk_next_dist_0zq9kua._.js:2489
[ 3446065ms] [LOG] [Fast Refresh] rebuilding @ http://localhost:3000/_next/static/chunks/20gk_next_dist_0zq9kua._.js:2489
[ 3446172ms] [LOG] [Fast Refresh] done in 198ms @ http://localhost:3000/_next/static/chunks/20gk_next_dist_0zq9kua._.js:2489
[ 3508119ms] [LOG] [Fast Refresh] rebuilding @ http://localhost:3000/_next/static/chunks/20gk_next_dist_0zq9kua._.js:2489
[ 3508213ms] [LOG] [Fast Refresh] done in 195ms @ http://localhost:3000/_next/static/chunks/20gk_next_dist_0zq9kua._.js:2489
[ 3910596ms] [LOG] [Fast Refresh] rebuilding @ http://localhost:3000/_next/static/chunks/20gk_next_dist_0zq9kua._.js:2489
[ 3910691ms] [LOG] [Fast Refresh] done in 176ms @ http://localhost:3000/_next/static/chunks/20gk_next_dist_0zq9kua._.js:2489
[ 4109492ms] [LOG] [HMR] connected @ http://localhost:3000/_next/static/chunks/20gk_next_dist_0zq9kua._.js:2489
[ 4370306ms] [LOG] [Fast Refresh] rebuilding @ http://localhost:3000/_next/static/chunks/20gk_next_dist_0zq9kua._.js:2489
[ 4370533ms] [LOG] [Fast Refresh] done in 312ms @ http://localhost:3000/_next/static/chunks/20gk_next_dist_0zq9kua._.js:2489
[ 4370743ms] [LOG] [Fast Refresh] rebuilding @ http://localhost:3000/_next/static/chunks/20gk_next_dist_0zq9kua._.js:2489
[ 4370978ms] [LOG] [Fast Refresh] done in 352ms @ http://localhost:3000/_next/static/chunks/20gk_next_dist_0zq9kua._.js:2489
[ 4401787ms] [LOG] [Fast Refresh] rebuilding @ http://localhost:3000/_next/static/chunks/20gk_next_dist_0zq9kua._.js:2489
[ 4401845ms] [LOG] [Fast Refresh] done in 85ms @ http://localhost:3000/_next/static/chunks/20gk_next_dist_0zq9kua._.js:2489
[ 4402138ms] [LOG] [Fast Refresh] rebuilding @ http://localhost:3000/_next/static/chunks/20gk_next_dist_0zq9kua._.js:2489
[ 4402157ms] [LOG] [Fast Refresh] done in 120ms @ http://localhost:3000/_next/static/chunks/20gk_next_dist_0zq9kua._.js:2489
[ 4402461ms] [LOG] [Fast Refresh] rebuilding @ http://localhost:3000/_next/static/chunks/20gk_next_dist_0zq9kua._.js:2489
[ 4402541ms] [LOG] [Fast Refresh] done in 180ms @ http://localhost:3000/_next/static/chunks/20gk_next_dist_0zq9kua._.js:2489
[ 4487736ms] [LOG] [Fast Refresh] rebuilding @ http://localhost:3000/_next/static/chunks/20gk_next_dist_0zq9kua._.js:2489
[ 4487761ms] [LOG] [Fast Refresh] done in 107ms @ http://localhost:3000/_next/static/chunks/20gk_next_dist_0zq9kua._.js:2489
[ 4585695ms] [LOG] [Fast Refresh] rebuilding @ http://localhost:3000/_next/static/chunks/20gk_next_dist_0zq9kua._.js:2489
[ 4585725ms] [LOG] [Fast Refresh] done in 73ms @ http://localhost:3000/_next/static/chunks/20gk_next_dist_0zq9kua._.js:2489
