[  377728ms] [LOG] [Fast Refresh] rebuilding @ http://localhost:3000/_next/static/chunks/20gk_next_dist_0zq9kua._.js:2489
[  378040ms] [WARNING] [Fast Refresh] performing full reload

Fast Refresh will perform a full reload when you edit a file that's imported by modules outside of the React rendering tree.
You might have a file which exports a React component but also exports a value that is imported by a non-React component file.
Consider migrating the non-React component export to a separate file and importing it into both files.

It is also possible the parent component of the component you edited is a class component, which disables Fast Refresh.
Fast Refresh requires at least one parent function component in your React tree. @ http://localhost:3000/_next/static/chunks/20gk_next_dist_0zq9kua._.js:2489
[  378060ms] [LOG] [Fast Refresh] done in 360ms @ http://localhost:3000/_next/static/chunks/20gk_next_dist_0zq9kua._.js:2489
[  378517ms] [LOG] [Fast Refresh] rebuilding @ http://localhost:3000/_next/static/chunks/20gk_next_dist_0zq9kua._.js:2489
[  378565ms] [LOG] [Fast Refresh] done in 149ms @ http://localhost:3000/_next/static/chunks/20gk_next_dist_0zq9kua._.js:2489
[  379184ms] [INFO] %cDownload the React DevTools for a better development experience: https://react.dev/link/react-devtools font-weight:bold @ http://localhost:3000/_next/static/chunks/20gk_next_dist_0zq9kua._.js:2489
[  379341ms] [LOG] [HMR] connected @ http://localhost:3000/_next/static/chunks/20gk_next_dist_0zq9kua._.js:2489
[  379585ms] [LOG] [Fast Refresh] rebuilding @ http://localhost:3000/_next/static/chunks/20gk_next_dist_0zq9kua._.js:2489
[  379760ms] [LOG] [Fast Refresh] done in 276ms @ http://localhost:3000/_next/static/chunks/20gk_next_dist_0zq9kua._.js:2489
[  384010ms] [LOG] [Fast Refresh] rebuilding @ http://localhost:3000/_next/static/chunks/20gk_next_dist_0zq9kua._.js:2489
[  384197ms] [LOG] [Fast Refresh] done in 213ms @ http://localhost:3000/_next/static/chunks/20gk_next_dist_0zq9kua._.js:2489
[  384218ms] [WARNING] [Fast Refresh] performing full reload

Fast Refresh will perform a full reload when you edit a file that's imported by modules outside of the React rendering tree.
You might have a file which exports a React component but also exports a value that is imported by a non-React component file.
Consider migrating the non-React component export to a separate file and importing it into both files.

It is also possible the parent component of the component you edited is a class component, which disables Fast Refresh.
Fast Refresh requires at least one parent function component in your React tree. @ http://localhost:3000/_next/static/chunks/20gk_next_dist_0zq9kua._.js:2489
[  384334ms] [LOG] [Fast Refresh] rebuilding @ http://localhost:3000/_next/static/chunks/20gk_next_dist_0zq9kua._.js:2489
[  384539ms] [LOG] [Fast Refresh] done in 306ms @ http://localhost:3000/_next/static/chunks/20gk_next_dist_0zq9kua._.js:2489
[  384646ms] [LOG] [Fast Refresh] rebuilding @ http://localhost:3000/_next/static/chunks/20gk_next_dist_0zq9kua._.js:2489
[  384653ms] [LOG] [Fast Refresh] done in 108ms @ http://localhost:3000/_next/static/chunks/20gk_next_dist_0zq9kua._.js:2489
[  385118ms] [INFO] %cDownload the React DevTools for a better development experience: https://react.dev/link/react-devtools font-weight:bold @ http://localhost:3000/_next/static/chunks/20gk_next_dist_0zq9kua._.js:2489
[  385184ms] [LOG] [HMR] connected @ http://localhost:3000/_next/static/chunks/20gk_next_dist_0zq9kua._.js:2489
[  385706ms] [LOG] [Fast Refresh] rebuilding @ http://localhost:3000/_next/static/chunks/20gk_next_dist_0zq9kua._.js:2489
[  385728ms] [LOG] [Fast Refresh] done in 122ms @ http://localhost:3000/_next/static/chunks/20gk_next_dist_0zq9kua._.js:2489
[  387729ms] [LOG] [Fast Refresh] rebuilding @ http://localhost:3000/_next/static/chunks/20gk_next_dist_0zq9kua._.js:2489
[  387893ms] [LOG] [Fast Refresh] done in 54ms @ http://localhost:3000/_next/static/chunks/20gk_next_dist_0zq9kua._.js:2489
[  387922ms] [WARNING] [Fast Refresh] performing full reload

Fast Refresh will perform a full reload when you edit a file that's imported by modules outside of the React rendering tree.
You might have a file which exports a React component but also exports a value that is imported by a non-React component file.
Consider migrating the non-React component export to a separate file and importing it into both files.

It is also possible the parent component of the component you edited is a class component, which disables Fast Refresh.
Fast Refresh requires at least one parent function component in your React tree. @ http://localhost:3000/_next/static/chunks/20gk_next_dist_0zq9kua._.js:2489
[  388026ms] [LOG] [Fast Refresh] rebuilding @ http://localhost:3000/_next/static/chunks/20gk_next_dist_0zq9kua._.js:2489
[  388105ms] [LOG] [Fast Refresh] done in 181ms @ http://localhost:3000/_next/static/chunks/20gk_next_dist_0zq9kua._.js:2489
[  388660ms] [INFO] %cDownload the React DevTools for a better development experience: https://react.dev/link/react-devtools font-weight:bold @ http://localhost:3000/_next/static/chunks/20gk_next_dist_0zq9kua._.js:2489
[  388749ms] [LOG] [HMR] connected @ http://localhost:3000/_next/static/chunks/20gk_next_dist_0zq9kua._.js:2489
[  389105ms] [LOG] [Fast Refresh] rebuilding @ http://localhost:3000/_next/static/chunks/20gk_next_dist_0zq9kua._.js:2489
[  389160ms] [LOG] [Fast Refresh] done in 155ms @ http://localhost:3000/_next/static/chunks/20gk_next_dist_0zq9kua._.js:2489
[  451242ms] [LOG] [Fast Refresh] rebuilding @ http://localhost:3000/_next/static/chunks/20gk_next_dist_0zq9kua._.js:2489
[  451323ms] [LOG] [Fast Refresh] done in 138ms @ http://localhost:3000/_next/static/chunks/20gk_next_dist_0zq9kua._.js:2489
[  451328ms] [LOG] [Fast Refresh] rebuilding @ http://localhost:3000/_next/static/chunks/20gk_next_dist_0zq9kua._.js:2489
[  451368ms] [WARNING] [Fast Refresh] performing full reload

Fast Refresh will perform a full reload when you edit a file that's imported by modules outside of the React rendering tree.
You might have a file which exports a React component but also exports a value that is imported by a non-React component file.
Consider migrating the non-React component export to a separate file and importing it into both files.

It is also possible the parent component of the component you edited is a class component, which disables Fast Refresh.
Fast Refresh requires at least one parent function component in your React tree. @ http://localhost:3000/_next/static/chunks/20gk_next_dist_0zq9kua._.js:2489
[  452078ms] [WARNING] [Fast Refresh] performing full reload

Fast Refresh will perform a full reload when you edit a file that's imported by modules outside of the React rendering tree.
You might have a file which exports a React component but also exports a value that is imported by a non-React component file.
Consider migrating the non-React component export to a separate file and importing it into both files.

It is also possible the parent component of the component you edited is a class component, which disables Fast Refresh.
Fast Refresh requires at least one parent function component in your React tree. @ http://localhost:3000/_next/static/chunks/20gk_next_dist_0zq9kua._.js:2489
[  452353ms] [LOG] [Fast Refresh] done in 753ms @ http://localhost:3000/_next/static/chunks/20gk_next_dist_0zq9kua._.js:2489
[  453126ms] [INFO] %cDownload the React DevTools for a better development experience: https://react.dev/link/react-devtools font-weight:bold @ http://localhost:3000/_next/static/chunks/20gk_next_dist_0zq9kua._.js:2489
[  453325ms] [LOG] [HMR] connected @ http://localhost:3000/_next/static/chunks/20gk_next_dist_0zq9kua._.js:2489
[  704051ms] [LOG] [Fast Refresh] rebuilding @ http://localhost:3000/_next/static/chunks/20gk_next_dist_0zq9kua._.js:2489
[  704536ms] [LOG] [Fast Refresh] done in 586ms @ http://localhost:3000/_next/static/chunks/20gk_next_dist_0zq9kua._.js:2489
[  708536ms] [LOG] [Fast Refresh] rebuilding @ http://localhost:3000/_next/static/chunks/20gk_next_dist_0zq9kua._.js:2489
[  708543ms] [LOG] [Fast Refresh] done in 107ms @ http://localhost:3000/_next/static/chunks/20gk_next_dist_0zq9kua._.js:2489
[  721860ms] [LOG] [Fast Refresh] rebuilding @ http://localhost:3000/_next/static/chunks/20gk_next_dist_0zq9kua._.js:2489
[  721926ms] [LOG] [Fast Refresh] done in 167ms @ http://localhost:3000/_next/static/chunks/20gk_next_dist_0zq9kua._.js:2489
[ 1113507ms] [LOG] [Fast Refresh] rebuilding @ http://localhost:3000/_next/static/chunks/20gk_next_dist_0zq9kua._.js:2489
[ 1113759ms] [LOG] [Fast Refresh] done in 331ms @ http://localhost:3000/_next/static/chunks/20gk_next_dist_0zq9kua._.js:2489
[ 1113789ms] [WARNING] [Fast Refresh] performing full reload

Fast Refresh will perform a full reload when you edit a file that's imported by modules outside of the React rendering tree.
You might have a file which exports a React component but also exports a value that is imported by a non-React component file.
Consider migrating the non-React component export to a separate file and importing it into both files.

It is also possible the parent component of the component you edited is a class component, which disables Fast Refresh.
Fast Refresh requires at least one parent function component in your React tree. @ http://localhost:3000/_next/static/chunks/20gk_next_dist_0zq9kua._.js:2489
[ 1113925ms] [LOG] [Fast Refresh] rebuilding @ http://localhost:3000/_next/static/chunks/20gk_next_dist_0zq9kua._.js:2489
[ 1113981ms] [LOG] [Fast Refresh] done in 158ms @ http://localhost:3000/_next/static/chunks/20gk_next_dist_0zq9kua._.js:2489
[ 1114238ms] [LOG] [Fast Refresh] rebuilding @ http://localhost:3000/_next/static/chunks/20gk_next_dist_0zq9kua._.js:2489
[ 1114252ms] [LOG] [Fast Refresh] done in 115ms @ http://localhost:3000/_next/static/chunks/20gk_next_dist_0zq9kua._.js:2489
[ 1114881ms] [INFO] %cDownload the React DevTools for a better development experience: https://react.dev/link/react-devtools font-weight:bold @ http://localhost:3000/_next/static/chunks/20gk_next_dist_0zq9kua._.js:2489
[ 1114940ms] [LOG] [HMR] connected @ http://localhost:3000/_next/static/chunks/20gk_next_dist_0zq9kua._.js:2489
[ 1115185ms] [LOG] [Fast Refresh] rebuilding @ http://localhost:3000/_next/static/chunks/20gk_next_dist_0zq9kua._.js:2489
[ 1115270ms] [LOG] [Fast Refresh] done in 186ms @ http://localhost:3000/_next/static/chunks/20gk_next_dist_0zq9kua._.js:2489
[ 1705952ms] [LOG] [Fast Refresh] rebuilding @ http://localhost:3000/_next/static/chunks/20gk_next_dist_0zq9kua._.js:2489
[ 1706148ms] [LOG] [Fast Refresh] done in 133ms @ http://localhost:3000/_next/static/chunks/20gk_next_dist_0zq9kua._.js:2489
[ 1706247ms] [WARNING] [Fast Refresh] performing full reload

Fast Refresh will perform a full reload when you edit a file that's imported by modules outside of the React rendering tree.
You might have a file which exports a React component but also exports a value that is imported by a non-React component file.
Consider migrating the non-React component export to a separate file and importing it into both files.

It is also possible the parent component of the component you edited is a class component, which disables Fast Refresh.
Fast Refresh requires at least one parent function component in your React tree. @ http://localhost:3000/_next/static/chunks/20gk_next_dist_0zq9kua._.js:2489
[ 1706487ms] [LOG] [Fast Refresh] rebuilding @ http://localhost:3000/_next/static/chunks/20gk_next_dist_0zq9kua._.js:2489
[ 1706600ms] [LOG] [Fast Refresh] done in 227ms @ http://localhost:3000/_next/static/chunks/20gk_next_dist_0zq9kua._.js:2489
[ 1706880ms] [LOG] [Fast Refresh] rebuilding @ http://localhost:3000/_next/static/chunks/20gk_next_dist_0zq9kua._.js:2489
[ 1706967ms] [LOG] [Fast Refresh] done in 188ms @ http://localhost:3000/_next/static/chunks/20gk_next_dist_0zq9kua._.js:2489
[ 1707195ms] [LOG] [Fast Refresh] rebuilding @ http://localhost:3000/_next/static/chunks/20gk_next_dist_0zq9kua._.js:2489
[ 1707210ms] [LOG] [Fast Refresh] done in 115ms @ http://localhost:3000/_next/static/chunks/20gk_next_dist_0zq9kua._.js:2489
[ 1707972ms] [INFO] %cDownload the React DevTools for a better development experience: https://react.dev/link/react-devtools font-weight:bold @ http://localhost:3000/_next/static/chunks/20gk_next_dist_0zq9kua._.js:2489
[ 1708315ms] [LOG] [HMR] connected @ http://localhost:3000/_next/static/chunks/20gk_next_dist_0zq9kua._.js:2489
[ 1708522ms] [ERROR] Failed to load resource: net::ERR_CONNECTION_RESET @ http://localhost:3000/_next/image?url=%2Fattr-slides.png&w=640&q=75:0
[ 1708522ms] [ERROR] Failed to load resource: net::ERR_CONNECTION_RESET @ http://localhost:3000/_next/image?url=%2Fattr-slides.png&w=384&q=75:0
[ 1708522ms] [ERROR] Failed to load resource: net::ERR_CONNECTION_RESET @ http://localhost:3000/_next/image?url=%2Fintro-img.png&w=384&q=75:0
[ 1708522ms] [ERROR] Failed to load resource: net::ERR_CONNECTION_RESET @ http://localhost:3000/_next/static/chunks/20gk_next_dist_client_components_builtin_global-error_1pv4l16.js:0
[ 1708582ms] ChunkLoadError: Failed to load chunk /_next/static/chunks/20gk_next_dist_client_components_builtin_global-error_1pv4l16.js from module [project]/Desktop/aqua/node_modules/next/dist/compiled/react-server-dom-turbopack/cjs/react-server-dom-turbopack-client.browser.development.js [app-client] (ecmascript)
    at http://localhost:3000/_next/static/chunks/turbopack-Desktop_aqua_165z_ig._.js:698:25
[ 1708524ms] [ERROR] Failed to load resource: net::ERR_CONNECTION_REFUSED @ http://localhost:3000/_next/static/chunks/Desktop_aqua_src_app_page_tsx_1pv4l16._.js:0
[ 1708525ms] [ERROR] Failed to load resource: net::ERR_CONNECTION_REFUSED @ http://localhost:3000/_next/image?url=%2Ftimeline-construction.png&w=640&q=75:0
[ 1708525ms] [ERROR] Failed to load resource: net::ERR_CONNECTION_REFUSED @ http://localhost:3000/_next/image?url=%2Ftimeline-opening.png&w=640&q=75:0
[ 1708525ms] [ERROR] Failed to load resource: net::ERR_CONNECTION_REFUSED @ http://localhost:3000/_next/image?url=%2Ftimeline-future.png&w=640&q=75:0
[ 1708525ms] [ERROR] Failed to load resource: net::ERR_CONNECTION_REFUSED @ http://localhost:3000/_next/static/chunks/20gk_next_0ugr385._.js:0
[ 1708534ms] [ERROR] Failed to load resource: net::ERR_CONNECTION_REFUSED @ http://localhost:3000/intro-img.png:0
[ 1708534ms] [ERROR] Failed to load resource: net::ERR_CONNECTION_REFUSED @ http://localhost:3000/_next/static/chunks/%5Bturbopack%5D_browser_dev_hmr-client_hmr-client_ts_1mojsay._.js:0
[ 1708535ms] [ERROR] Failed to load resource: net::ERR_CONNECTION_REFUSED @ http://localhost:3000/_next/static/chunks/%5Bturbopack%5D_browser_dev_hmr-client_hmr-client_ts_0u0_g13._.js:0
[ 1708582ms] ChunkLoadError: Failed to load chunk /_next/static/chunks/%5Bturbopack%5D_browser_dev_hmr-client_hmr-client_ts_1mojsay._.js from module [turbopack]/browser/dev/hmr-client/hmr-client.ts [app-client] (ecmascript, async loader)
    at http://localhost:3000/_next/static/chunks/turbopack-Desktop_aqua_165z_ig._.js:698:25
    at async Promise.all (index 0)
[ 1708552ms] [ERROR] WebSocket is already in CLOSING or CLOSED state. @ http://localhost:3000/_next/static/chunks/20gk_next_dist_0zq9kua._.js:2848
[ 1708565ms] [ERROR] Failed to load resource: net::ERR_CONNECTION_REFUSED @ http://localhost:3000/favicon.ico?favicon.2vob68tjqpejf.ico:0
[ 1709545ms] [ERROR] WebSocket connection to 'ws://localhost:3000/_next/webpack-hmr?id=UKK2WK4pXjYhPK6e9lq4b' failed: Error in connection establishment: net::ERR_CONNECTION_REFUSED @ http://localhost:3000/_next/static/chunks/20gk_next_dist_client_1xwm0v_._.js:13422
[ 1710876ms] [LOG] [HMR] connected @ http://localhost:3000/_next/static/chunks/20gk_next_dist_0zq9kua._.js:2489
[ 1711570ms] [INFO] %cDownload the React DevTools for a better development experience: https://react.dev/link/react-devtools font-weight:bold @ http://localhost:3000/_next/static/chunks/20gk_next_dist_0zq9kua._.js:2489
[ 1711615ms] [LOG] [HMR] connected @ http://localhost:3000/_next/static/chunks/20gk_next_dist_0zq9kua._.js:2489
[ 1791554ms] [LOG] [Fast Refresh] rebuilding @ http://localhost:3000/_next/static/chunks/20gk_next_dist_0zq9kua._.js:2489
[ 1792150ms] [LOG] [Fast Refresh] done in 680ms @ http://localhost:3000/_next/static/chunks/20gk_next_dist_0zq9kua._.js:2489
[ 1832142ms] [LOG] [Fast Refresh] rebuilding @ http://localhost:3000/_next/static/chunks/20gk_next_dist_0zq9kua._.js:2489
[ 1832401ms] [LOG] [Fast Refresh] done in 70ms @ http://localhost:3000/_next/static/chunks/20gk_next_dist_0zq9kua._.js:2489
[ 1832411ms] [WARNING] [Fast Refresh] performing full reload

Fast Refresh will perform a full reload when you edit a file that's imported by modules outside of the React rendering tree.
You might have a file which exports a React component but also exports a value that is imported by a non-React component file.
Consider migrating the non-React component export to a separate file and importing it into both files.

It is also possible the parent component of the component you edited is a class component, which disables Fast Refresh.
Fast Refresh requires at least one parent function component in your React tree. @ http://localhost:3000/_next/static/chunks/20gk_next_dist_0zq9kua._.js:2489
[ 1832807ms] [LOG] [Fast Refresh] rebuilding @ http://localhost:3000/_next/static/chunks/20gk_next_dist_0zq9kua._.js:2489
[ 1832822ms] [LOG] [Fast Refresh] done in 116ms @ http://localhost:3000/_next/static/chunks/20gk_next_dist_0zq9kua._.js:2489
[ 1833507ms] [INFO] %cDownload the React DevTools for a better development experience: https://react.dev/link/react-devtools font-weight:bold @ http://localhost:3000/_next/static/chunks/20gk_next_dist_0zq9kua._.js:2489
[ 1833611ms] [LOG] [HMR] connected @ http://localhost:3000/_next/static/chunks/20gk_next_dist_0zq9kua._.js:2489
[ 1833990ms] [LOG] [Fast Refresh] rebuilding @ http://localhost:3000/_next/static/chunks/20gk_next_dist_0zq9kua._.js:2489
[ 1834057ms] [LOG] [Fast Refresh] done in 168ms @ http://localhost:3000/_next/static/chunks/20gk_next_dist_0zq9kua._.js:2489
[ 1873747ms] [LOG] [Fast Refresh] rebuilding @ http://localhost:3000/_next/static/chunks/20gk_next_dist_0zq9kua._.js:2489
[ 1873918ms] [WARNING] [Fast Refresh] performing full reload

Fast Refresh will perform a full reload when you edit a file that's imported by modules outside of the React rendering tree.
You might have a file which exports a React component but also exports a value that is imported by a non-React component file.
Consider migrating the non-React component export to a separate file and importing it into both files.

It is also possible the parent component of the component you edited is a class component, which disables Fast Refresh.
Fast Refresh requires at least one parent function component in your React tree. @ http://localhost:3000/_next/static/chunks/20gk_next_dist_0zq9kua._.js:2489
[ 1873922ms] [LOG] [Fast Refresh] done in 178ms @ http://localhost:3000/_next/static/chunks/20gk_next_dist_0zq9kua._.js:2489
[ 1873932ms] [WARNING] [Fast Refresh] performing full reload

Fast Refresh will perform a full reload when you edit a file that's imported by modules outside of the React rendering tree.
You might have a file which exports a React component but also exports a value that is imported by a non-React component file.
Consider migrating the non-React component export to a separate file and importing it into both files.

It is also possible the parent component of the component you edited is a class component, which disables Fast Refresh.
Fast Refresh requires at least one parent function component in your React tree. @ http://localhost:3000/_next/static/chunks/20gk_next_dist_0zq9kua._.js:2489
[ 1874209ms] [LOG] [Fast Refresh] rebuilding @ http://localhost:3000/_next/static/chunks/20gk_next_dist_0zq9kua._.js:2489
[ 1874306ms] [LOG] [Fast Refresh] done in 197ms @ http://localhost:3000/_next/static/chunks/20gk_next_dist_0zq9kua._.js:2489
[ 1874690ms] [INFO] %cDownload the React DevTools for a better development experience: https://react.dev/link/react-devtools font-weight:bold @ http://localhost:3000/_next/static/chunks/20gk_next_dist_0zq9kua._.js:2489
[ 1874809ms] [LOG] [HMR] connected @ http://localhost:3000/_next/static/chunks/20gk_next_dist_0zq9kua._.js:2489
[ 1875125ms] [LOG] [Fast Refresh] rebuilding @ http://localhost:3000/_next/static/chunks/20gk_next_dist_0zq9kua._.js:2489
[ 1875615ms] [LOG] [Fast Refresh] done in 189ms @ http://localhost:3000/_next/static/chunks/20gk_next_dist_0zq9kua._.js:2489
[ 2056577ms] [LOG] [Fast Refresh] rebuilding @ http://localhost:3000/_next/static/chunks/20gk_next_dist_0zq9kua._.js:2489
[ 2056786ms] [LOG] [Fast Refresh] done in 250ms @ http://localhost:3000/_next/static/chunks/20gk_next_dist_0zq9kua._.js:2489
[ 2056949ms] [LOG] [Fast Refresh] rebuilding @ http://localhost:3000/_next/static/chunks/20gk_next_dist_0zq9kua._.js:2489
[ 2057032ms] [LOG] [Fast Refresh] done in 184ms @ http://localhost:3000/_next/static/chunks/20gk_next_dist_0zq9kua._.js:2489
[ 2070571ms] [LOG] [Fast Refresh] rebuilding @ http://localhost:3000/_next/static/chunks/20gk_next_dist_0zq9kua._.js:2489
[ 2070590ms] [LOG] [Fast Refresh] done in 77ms @ http://localhost:3000/_next/static/chunks/20gk_next_dist_0zq9kua._.js:2489
[ 2103610ms] [LOG] [Fast Refresh] rebuilding @ http://localhost:3000/_next/static/chunks/20gk_next_dist_0zq9kua._.js:2489
[ 2103638ms] [LOG] [Fast Refresh] done in 59ms @ http://localhost:3000/_next/static/chunks/20gk_next_dist_0zq9kua._.js:2489
[ 2109594ms] [LOG] [Fast Refresh] rebuilding @ http://localhost:3000/_next/static/chunks/20gk_next_dist_0zq9kua._.js:2489
[ 2109622ms] [LOG] [Fast Refresh] done in 52ms @ http://localhost:3000/_next/static/chunks/20gk_next_dist_0zq9kua._.js:2489
[ 2141944ms] [LOG] [Fast Refresh] rebuilding @ http://localhost:3000/_next/static/chunks/20gk_next_dist_0zq9kua._.js:2489
[ 2141964ms] [LOG] [Fast Refresh] done in 59ms @ http://localhost:3000/_next/static/chunks/20gk_next_dist_0zq9kua._.js:2489
[ 2203899ms] [LOG] [Fast Refresh] rebuilding @ http://localhost:3000/_next/static/chunks/20gk_next_dist_0zq9kua._.js:2489
[ 2203946ms] [LOG] [Fast Refresh] done in 75ms @ http://localhost:3000/_next/static/chunks/20gk_next_dist_0zq9kua._.js:2489
[ 2204060ms] [LOG] [Fast Refresh] rebuilding @ http://localhost:3000/_next/static/chunks/20gk_next_dist_0zq9kua._.js:2489
[ 2204162ms] [LOG] [Fast Refresh] done in 72ms @ http://localhost:3000/_next/static/chunks/20gk_next_dist_0zq9kua._.js:2489
[ 2261439ms] [LOG] [Fast Refresh] rebuilding @ http://localhost:3000/_next/static/chunks/20gk_next_dist_0zq9kua._.js:2489
[ 2263613ms] [ERROR] ./Desktop/aqua/src/components/layout/Footer.tsx:2:1
Export Instagram doesn't exist in target module
  1 | import Image from "next/image";
> 2 | import { Instagram } from "lucide-react";
    | ^^^^^^^^^^^^^^^^^^^^^^^^^^^^^^^^^^^^^^^^^
  3 |
  4 | export default function Footer() {
  5 |   const socialLinks = [

The export Instagram was not found in module [project]/Desktop/aqua/node_modules/lucide-react/dist/esm/lucide-react.mjs [app-rsc] (ecmascript).
Did you mean to import Star?
All exports of the module are statically known (It doesn't have dynamic exports). So it's known statically that the requested export doesn't exist.

Import trace:
  Server Component:
    ./Desktop/aqua/src/components/layout/Footer.tsx
    ./Desktop/aqua/src/app/page.tsx @ http://localhost:3000/_next/static/chunks/20gk_next_dist_0zq9kua._.js:3330
[ 2263632ms] [ERROR] Failed to load resource: the server responded with a status of 500 (Internal Server Error) @ http://localhost:3000/?_rsc=q3mOO9BClNZHexY7:0
[ 2263788ms] [LOG] [Fast Refresh] rebuilding @ http://localhost:3000/_next/static/chunks/20gk_next_dist_0zq9kua._.js:2489
[ 2264141ms] [ERROR] ./Desktop/aqua/src/components/layout/Footer.tsx:2:1
Export Instagram doesn't exist in target module
  1 | import Image from "next/image";
> 2 | import { Instagram } from "lucide-react";
    | ^^^^^^^^^^^^^^^^^^^^^^^^^^^^^^^^^^^^^^^^^
  3 |
  4 | export default function Footer() {
  5 |   const socialLinks = [

The export Instagram was not found in module [project]/Desktop/aqua/node_modules/lucide-react/dist/esm/lucide-react.mjs [app-rsc] (ecmascript).
Did you mean to import Star?
All exports of the module are statically known (It doesn't have dynamic exports). So it's known statically that the requested export doesn't exist.

Import trace:
  Server Component:
    ./Desktop/aqua/src/components/layout/Footer.tsx
    ./Desktop/aqua/src/app/page.tsx @ http://localhost:3000/_next/static/chunks/20gk_next_dist_0zq9kua._.js:3330
[ 2264185ms] [ERROR] ./Desktop/aqua/src/components/layout/Footer.tsx:2:1
Export Instagram doesn't exist in target module
  1 | import Image from "next/image";
> 2 | import { Instagram } from "lucide-react";
    | ^^^^^^^^^^^^^^^^^^^^^^^^^^^^^^^^^^^^^^^^^
  3 |
  4 | export default function Footer() {
  5 |   const socialLinks = [

The export Instagram was not found in module [project]/Desktop/aqua/node_modules/lucide-react/dist/esm/lucide-react.mjs [app-rsc] (ecmascript).
Did you mean to import Star?
All exports of the module are statically known (It doesn't have dynamic exports). So it's known statically that the requested export doesn't exist.

Import trace:
  Server Component:
    ./Desktop/aqua/src/components/layout/Footer.tsx
    ./Desktop/aqua/src/app/page.tsx @ http://localhost:3000/_next/static/chunks/20gk_next_dist_0zq9kua._.js:3330
[ 2264204ms] [ERROR] ./Desktop/aqua/src/components/layout/Footer.tsx:2:1
Export Instagram doesn't exist in target module
  1 | import Image from "next/image";
> 2 | import { Instagram } from "lucide-react";
    | ^^^^^^^^^^^^^^^^^^^^^^^^^^^^^^^^^^^^^^^^^
  3 |
  4 | export default function Footer() {
  5 |   const socialLinks = [

The export Instagram was not found in module [project]/Desktop/aqua/node_modules/lucide-react/dist/esm/lucide-react.mjs [app-rsc] (ecmascript).
Did you mean to import Star?
All exports of the module are statically known (It doesn't have dynamic exports). So it's known statically that the requested export doesn't exist.

Import trace:
  Server Component:
    ./Desktop/aqua/src/components/layout/Footer.tsx
    ./Desktop/aqua/src/app/page.tsx @ http://localhost:3000/_next/static/chunks/20gk_next_dist_0zq9kua._.js:3330
[ 2264315ms] [LOG] [Fast Refresh] rebuilding @ http://localhost:3000/_next/static/chunks/20gk_next_dist_0zq9kua._.js:2489
[ 2264390ms] [ERROR] Failed to load resource: the server responded with a status of 500 (Internal Server Error) @ http://localhost:3000/?_rsc=q3mOO9BClNZHexY7:0
[ 2264459ms] [ERROR] ./Desktop/aqua/src/components/layout/Footer.tsx:2:1
Export Instagram doesn't exist in target module
  1 | import Image from "next/image";
> 2 | import { Instagram } from "lucide-react";
    | ^^^^^^^^^^^^^^^^^^^^^^^^^^^^^^^^^^^^^^^^^
  3 |
  4 | export default function Footer() {
  5 |   const socialLinks = [

The export Instagram was not found in module [project]/Desktop/aqua/node_modules/lucide-react/dist/esm/lucide-react.mjs [app-rsc] (ecmascript).
Did you mean to import Star?
All exports of the module are statically known (It doesn't have dynamic exports). So it's known statically that the requested export doesn't exist.

Import trace:
  Server Component:
    ./Desktop/aqua/src/components/layout/Footer.tsx
    ./Desktop/aqua/src/app/page.tsx @ http://localhost:3000/_next/static/chunks/20gk_next_dist_0zq9kua._.js:3330
[ 2264525ms] [ERROR] ./Desktop/aqua/src/components/layout/Footer.tsx:2:1
Export Instagram doesn't exist in target module
  1 | import Image from "next/image";
> 2 | import { Instagram } from "lucide-react";
    | ^^^^^^^^^^^^^^^^^^^^^^^^^^^^^^^^^^^^^^^^^
  3 |
  4 | export default function Footer() {
  5 |   const socialLinks = [

The export Instagram was not found in module [project]/Desktop/aqua/node_modules/lucide-react/dist/esm/lucide-react.mjs [app-rsc] (ecmascript).
Did you mean to import Star?
All exports of the module are statically known (It doesn't have dynamic exports). So it's known statically that the requested export doesn't exist.

Import trace:
  Server Component:
    ./Desktop/aqua/src/components/layout/Footer.tsx
    ./Desktop/aqua/src/app/page.tsx @ http://localhost:3000/_next/static/chunks/20gk_next_dist_0zq9kua._.js:3330
[ 2264584ms] [ERROR] Failed to load resource: the server responded with a status of 500 (Internal Server Error) @ http://localhost:3000/:0
[ 2264834ms] [INFO] %cDownload the React DevTools for a better development experience: https://react.dev/link/react-devtools font-weight:bold @ http://localhost:3000/_next/static/chunks/20gk_react-dom_09vwelp._.js:15305
[ 2264880ms] Error: ./Desktop/aqua/src/components/layout/Footer.tsx:2:1
Export Instagram doesn't exist in target module
  1 | import Image from "next/image";
> 2 | import { Instagram } from "lucide-react";
    | ^^^^^^^^^^^^^^^^^^^^^^^^^^^^^^^^^^^^^^^^^
  3 |
  4 | export default function Footer() {
  5 |   const socialLinks = [

The export Instagram was not found in module [project]/Desktop/aqua/node_modules/lucide-react/dist/esm/lucide-react.mjs [app-rsc] (ecmascript).
Did you mean to import Star?
All exports of the module are statically known (It doesn't have dynamic exports). So it's known statically that the requested export doesn't exist.

Import trace:
  Server Component:
    ./Desktop/aqua/src/components/layout/Footer.tsx
    ./Desktop/aqua/src/app/page.tsx


    at <unknown> (Error: ./Desktop/aqua/src/components/layout/Footer.tsx:2:1)
    at Object.getCompilationErrors (file:///Users/smitpatel/Desktop/aqua/node_modules/next/dist/server/dev/hot-reloader-turbopack.js:1186:59)
    at DevBundlerService.getCompilationError (file:///Users/smitpatel/Desktop/aqua/node_modules/next/dist/server/lib/dev-bundler-service.js:44:55)
    at DevServer.getCompilationError (file:///Users/smitpatel/Desktop/aqua/node_modules/next/dist/server/dev/next-dev-server.js:720:42)
    at DevServer.findPageComponents (file:///Users/smitpatel/Desktop/aqua/node_modules/next/dist/server/dev/next-dev-server.js:690:43)
    at async DevServer.renderErrorToResponseImpl (file:///Users/smitpatel/Desktop/aqua/node_modules/next/dist/server/base-server.js:1753:26)
[ 2264928ms] [LOG] [HMR] connected @ http://localhost:3000/_next/static/chunks/20gk_next_dist_18aegbi._.js:1226
[ 2264940ms] [ERROR] ./Desktop/aqua/src/components/layout/Footer.tsx:2:1
Export Instagram doesn't exist in target module
  1 | import Image from "next/image";
> 2 | import { Instagram } from "lucide-react";
    | ^^^^^^^^^^^^^^^^^^^^^^^^^^^^^^^^^^^^^^^^^
  3 |
  4 | export default function Footer() {
  5 |   const socialLinks = [

The export Instagram was not found in module [project]/Desktop/aqua/node_modules/lucide-react/dist/esm/lucide-react.mjs [app-rsc] (ecmascript).
Did you mean to import Star?
All exports of the module are statically known (It doesn't have dynamic exports). So it's known statically that the requested export doesn't exist.

Import trace:
  Server Component:
    ./Desktop/aqua/src/components/layout/Footer.tsx
    ./Desktop/aqua/src/app/page.tsx @ http://localhost:3000/_next/static/chunks/20gk_next_dist_18aegbi._.js:1945
[ 2264964ms] [ERROR] ./Desktop/aqua/src/components/layout/Footer.tsx:2:1
Export Instagram doesn't exist in target module
  1 | import Image from "next/image";
> 2 | import { Instagram } from "lucide-react";
    | ^^^^^^^^^^^^^^^^^^^^^^^^^^^^^^^^^^^^^^^^^
  3 |
  4 | export default function Footer() {
  5 |   const socialLinks = [

The export Instagram was not found in module [project]/Desktop/aqua/node_modules/lucide-react/dist/esm/lucide-react.mjs [app-rsc] (ecmascript).
Did you mean to import Star?
All exports of the module are statically known (It doesn't have dynamic exports). So it's known statically that the requested export doesn't exist.

Import trace:
  Server Component:
    ./Desktop/aqua/src/components/layout/Footer.tsx
    ./Desktop/aqua/src/app/page.tsx @ http://localhost:3000/_next/static/chunks/20gk_next_dist_18aegbi._.js:1945
[ 2265043ms] [LOG] [Fast Refresh] rebuilding @ http://localhost:3000/_next/static/chunks/20gk_next_dist_18aegbi._.js:1226
[ 2265061ms] [ERROR] ./Desktop/aqua/src/components/layout/Footer.tsx:2:1
Export Instagram doesn't exist in target module
  1 | import Image from "next/image";
> 2 | import { Instagram } from "lucide-react";
    | ^^^^^^^^^^^^^^^^^^^^^^^^^^^^^^^^^^^^^^^^^
  3 |
  4 | export default function Footer() {
  5 |   const socialLinks = [

The export Instagram was not found in module [project]/Desktop/aqua/node_modules/lucide-react/dist/esm/lucide-react.mjs [app-rsc] (ecmascript).
Did you mean to import Star?
All exports of the module are statically known (It doesn't have dynamic exports). So it's known statically that the requested export doesn't exist.

Import trace:
  Server Component:
    ./Desktop/aqua/src/components/layout/Footer.tsx
    ./Desktop/aqua/src/app/page.tsx @ http://localhost:3000/_next/static/chunks/20gk_next_dist_18aegbi._.js:1945
[ 2317815ms] [LOG] [Fast Refresh] rebuilding @ http://localhost:3000/_next/static/chunks/20gk_next_dist_18aegbi._.js:1226
[ 2318447ms] [LOG] [Fast Refresh] done in 258ms @ http://localhost:3000/_next/static/chunks/20gk_next_dist_18aegbi._.js:1226
[ 2319165ms] [LOG] [Fast Refresh] rebuilding @ http://localhost:3000/_next/static/chunks/20gk_next_dist_18aegbi._.js:1226
[ 2319262ms] [LOG] [Fast Refresh] done in 197ms @ http://localhost:3000/_next/static/chunks/20gk_next_dist_18aegbi._.js:1226
[ 2319706ms] [INFO] %cDownload the React DevTools for a better development experience: https://react.dev/link/react-devtools font-weight:bold @ http://localhost:3000/_next/static/chunks/20gk_next_dist_0zq9kua._.js:2489
[ 2319823ms] [LOG] [HMR] connected @ http://localhost:3000/_next/static/chunks/20gk_next_dist_0zq9kua._.js:2489
[ 2320121ms] [LOG] [Fast Refresh] rebuilding @ http://localhost:3000/_next/static/chunks/20gk_next_dist_0zq9kua._.js:2489
[ 2320164ms] [LOG] [Fast Refresh] done in 143ms @ http://localhost:3000/_next/static/chunks/20gk_next_dist_0zq9kua._.js:2489
[ 2708318ms] [LOG] [Fast Refresh] rebuilding @ http://localhost:3000/_next/static/chunks/20gk_next_dist_0zq9kua._.js:2489
[ 2708517ms] [LOG] [Fast Refresh] done in 83ms @ http://localhost:3000/_next/static/chunks/20gk_next_dist_0zq9kua._.js:2489
[ 2708536ms] [WARNING] [Fast Refresh] performing full reload

Fast Refresh will perform a full reload when you edit a file that's imported by modules outside of the React rendering tree.
You might have a file which exports a React component but also exports a value that is imported by a non-React component file.
Consider migrating the non-React component export to a separate file and importing it into both files.

It is also possible the parent component of the component you edited is a class component, which disables Fast Refresh.
Fast Refresh requires at least one parent function component in your React tree. @ http://localhost:3000/_next/static/chunks/20gk_next_dist_0zq9kua._.js:2489
[ 2709366ms] [INFO] %cDownload the React DevTools for a better development experience: https://react.dev/link/react-devtools font-weight:bold @ http://localhost:3000/_next/static/chunks/20gk_next_dist_0zq9kua._.js:2489
[ 2709417ms] [LOG] [HMR] connected @ http://localhost:3000/_next/static/chunks/20gk_next_dist_0zq9kua._.js:2489
[ 2709575ms] [LOG] [Fast Refresh] rebuilding @ http://localhost:3000/_next/static/chunks/20gk_next_dist_0zq9kua._.js:2489
[ 2709634ms] [LOG] [Fast Refresh] done in 159ms @ http://localhost:3000/_next/static/chunks/20gk_next_dist_0zq9kua._.js:2489
[ 2717173ms] [LOG] [Fast Refresh] rebuilding @ http://localhost:3000/_next/static/chunks/20gk_next_dist_0zq9kua._.js:2489
[ 2717308ms] [LOG] [Fast Refresh] done in 146ms @ http://localhost:3000/_next/static/chunks/20gk_next_dist_0zq9kua._.js:2489
[ 2717319ms] [WARNING] [Fast Refresh] performing full reload

Fast Refresh will perform a full reload when you edit a file that's imported by modules outside of the React rendering tree.
You might have a file which exports a React component but also exports a value that is imported by a non-React component file.
Consider migrating the non-React component export to a separate file and importing it into both files.

It is also possible the parent component of the component you edited is a class component, which disables Fast Refresh.
Fast Refresh requires at least one parent function component in your React tree. @ http://localhost:3000/_next/static/chunks/20gk_next_dist_0zq9kua._.js:2489
[ 2717896ms] [INFO] %cDownload the React DevTools for a better development experience: https://react.dev/link/react-devtools font-weight:bold @ http://localhost:3000/_next/static/chunks/20gk_next_dist_0zq9kua._.js:2489
[ 2717932ms] [LOG] [HMR] connected @ http://localhost:3000/_next/static/chunks/20gk_next_dist_0zq9kua._.js:2489
[ 2718228ms] [LOG] [Fast Refresh] rebuilding @ http://localhost:3000/_next/static/chunks/20gk_next_dist_0zq9kua._.js:2489
[ 2718378ms] [LOG] [Fast Refresh] done in 159ms @ http://localhost:3000/_next/static/chunks/20gk_next_dist_0zq9kua._.js:2489
[ 2718395ms] [WARNING] [Fast Refresh] performing full reload

Fast Refresh will perform a full reload when you edit a file that's imported by modules outside of the React rendering tree.
You might have a file which exports a React component but also exports a value that is imported by a non-React component file.
Consider migrating the non-React component export to a separate file and importing it into both files.

It is also possible the parent component of the component you edited is a class component, which disables Fast Refresh.
Fast Refresh requires at least one parent function component in your React tree. @ http://localhost:3000/_next/static/chunks/20gk_next_dist_0zq9kua._.js:2489
[ 2718595ms] [LOG] [Fast Refresh] rebuilding @ http://localhost:3000/_next/static/chunks/20gk_next_dist_0zq9kua._.js:2489
[ 2718663ms] [LOG] [Fast Refresh] done in 168ms @ http://localhost:3000/_next/static/chunks/20gk_next_dist_0zq9kua._.js:2489
[ 2719072ms] [INFO] %cDownload the React DevTools for a better development experience: https://react.dev/link/react-devtools font-weight:bold @ http://localhost:3000/_next/static/chunks/20gk_next_dist_0zq9kua._.js:2489
[ 2719095ms] [LOG] [HMR] connected @ http://localhost:3000/_next/static/chunks/20gk_next_dist_0zq9kua._.js:2489
[ 2879276ms] [LOG] [Fast Refresh] rebuilding @ http://localhost:3000/_next/static/chunks/20gk_next_dist_0zq9kua._.js:2489
[ 2879383ms] [LOG] [Fast Refresh] done in 185ms @ http://localhost:3000/_next/static/chunks/20gk_next_dist_0zq9kua._.js:2489
[ 2941331ms] [LOG] [Fast Refresh] rebuilding @ http://localhost:3000/_next/static/chunks/20gk_next_dist_0zq9kua._.js:2489
[ 2941423ms] [LOG] [Fast Refresh] done in 194ms @ http://localhost:3000/_next/static/chunks/20gk_next_dist_0zq9kua._.js:2489
[ 3343807ms] [LOG] [Fast Refresh] rebuilding @ http://localhost:3000/_next/static/chunks/20gk_next_dist_0zq9kua._.js:2489
[ 3343902ms] [LOG] [Fast Refresh] done in 175ms @ http://localhost:3000/_next/static/chunks/20gk_next_dist_0zq9kua._.js:2489
[ 3542709ms] [LOG] [HMR] connected @ http://localhost:3000/_next/static/chunks/20gk_next_dist_0zq9kua._.js:2489
[ 3803517ms] [LOG] [Fast Refresh] rebuilding @ http://localhost:3000/_next/static/chunks/20gk_next_dist_0zq9kua._.js:2489
[ 3803756ms] [LOG] [Fast Refresh] done in 324ms @ http://localhost:3000/_next/static/chunks/20gk_next_dist_0zq9kua._.js:2489
[ 3803938ms] [LOG] [Fast Refresh] rebuilding @ http://localhost:3000/_next/static/chunks/20gk_next_dist_0zq9kua._.js:2489
[ 3804190ms] [LOG] [Fast Refresh] done in 355ms @ http://localhost:3000/_next/static/chunks/20gk_next_dist_0zq9kua._.js:2489
[ 3834998ms] [LOG] [Fast Refresh] rebuilding @ http://localhost:3000/_next/static/chunks/20gk_next_dist_0zq9kua._.js:2489
[ 3835056ms] [LOG] [Fast Refresh] done in 87ms @ http://localhost:3000/_next/static/chunks/20gk_next_dist_0zq9kua._.js:2489
[ 3835349ms] [LOG] [Fast Refresh] rebuilding @ http://localhost:3000/_next/static/chunks/20gk_next_dist_0zq9kua._.js:2489
[ 3835368ms] [LOG] [Fast Refresh] done in 119ms @ http://localhost:3000/_next/static/chunks/20gk_next_dist_0zq9kua._.js:2489
[ 3835672ms] [LOG] [Fast Refresh] rebuilding @ http://localhost:3000/_next/static/chunks/20gk_next_dist_0zq9kua._.js:2489
[ 3835752ms] [LOG] [Fast Refresh] done in 180ms @ http://localhost:3000/_next/static/chunks/20gk_next_dist_0zq9kua._.js:2489
[ 3920947ms] [LOG] [Fast Refresh] rebuilding @ http://localhost:3000/_next/static/chunks/20gk_next_dist_0zq9kua._.js:2489
[ 3920972ms] [LOG] [Fast Refresh] done in 114ms @ http://localhost:3000/_next/static/chunks/20gk_next_dist_0zq9kua._.js:2489
[ 4018908ms] [LOG] [Fast Refresh] rebuilding @ http://localhost:3000/_next/static/chunks/20gk_next_dist_0zq9kua._.js:2489
[ 4018936ms] [LOG] [Fast Refresh] done in 75ms @ http://localhost:3000/_next/static/chunks/20gk_next_dist_0zq9kua._.js:2489
